Archive member included to satisfy reference by file (symbol)

c:/mingw/bin/../lib/gcc/mingw32/6.3.0/../../../libwinmm.a(drqcs00090.o)
                              HMP.o (midiStreamOpen@24)
c:/mingw/bin/../lib/gcc/mingw32/6.3.0/../../../libwinmm.a(drqcs00089.o)
                              HMP.o (midiStreamClose@4)
c:/mingw/bin/../lib/gcc/mingw32/6.3.0/../../../libwinmm.a(drqcs00087.o)
                              HMP.o (midiOutShortMsg@8)
c:/mingw/bin/../lib/gcc/mingw32/6.3.0/../../../libwinmm.a(drqch.o)
                              c:/mingw/bin/../lib/gcc/mingw32/6.3.0/../../../libwinmm.a(drqcs00090.o) (_head_libwinmm_a)
c:/mingw/bin/../lib/gcc/mingw32/6.3.0/../../../libwinmm.a(drqct.o)
                              c:/mingw/bin/../lib/gcc/mingw32/6.3.0/../../../libwinmm.a(drqch.o) (_libwinmm_a_iname)
c:/mingw/bin/../lib/gcc/mingw32/6.3.0/../../../libmingw32.a(CRTglob.o)
                              c:/mingw/bin/../lib/gcc/mingw32/6.3.0/../../../crt2.o (_CRT_glob)
c:/mingw/bin/../lib/gcc/mingw32/6.3.0/../../../libmingw32.a(setargv.o)
                              c:/mingw/bin/../lib/gcc/mingw32/6.3.0/../../../crt2.o (_setargv)
c:/mingw/bin/../lib/gcc/mingw32/6.3.0/../../../libmingw32.a(CRTfmode.o)
                              c:/mingw/bin/../lib/gcc/mingw32/6.3.0/../../../crt2.o (_CRT_fmode)
c:/mingw/bin/../lib/gcc/mingw32/6.3.0/../../../libmingw32.a(cpu_features.o)
                              c:/mingw/bin/../lib/gcc/mingw32/6.3.0/../../../crt2.o (__cpu_features_init)
c:/mingw/bin/../lib/gcc/mingw32/6.3.0/../../../libmingw32.a(CRT_fp10.o)
                              c:/mingw/bin/../lib/gcc/mingw32/6.3.0/../../../crt2.o (_CRT_fenv)
c:/mingw/bin/../lib/gcc/mingw32/6.3.0/../../../libmingw32.a(txtmode.o)
                              c:/mingw/bin/../lib/gcc/mingw32/6.3.0/../../../crt2.o (_fmode)
c:/mingw/bin/../lib/gcc/mingw32/6.3.0/../../../libmingw32.a(main.o)
                              c:/mingw/bin/../lib/gcc/mingw32/6.3.0/../../../crt2.o (main)
c:/mingw/bin/../lib/gcc/mingw32/6.3.0/../../../libmingw32.a(gccmain.o)
                              c:/mingw/bin/../lib/gcc/mingw32/6.3.0/../../../crt2.o (__main)
c:/mingw/bin/../lib/gcc/mingw32/6.3.0/../../../libmingw32.a(tlssup.o)
                              c:/mingw/bin/../lib/gcc/mingw32/6.3.0/../../../crt2.o (__dyn_tls_init_callback)
c:/mingw/bin/../lib/gcc/mingw32/6.3.0/../../../libmingw32.a(tlsthrd.o)
                              c:/mingw/bin/../lib/gcc/mingw32/6.3.0/../../../libmingw32.a(tlssup.o) (__mingw_TLScallback)
c:/mingw/bin/../lib/gcc/mingw32/6.3.0/../../../libmingw32.a(pseudo-reloc.o)
                              c:/mingw/bin/../lib/gcc/mingw32/6.3.0/../../../crt2.o (_pei386_runtime_relocator)
c:/mingw/bin/../lib/gcc/mingw32/6.3.0/../../../libmingw32.a(pseudo-reloc-list.o)
                              c:/mingw/bin/../lib/gcc/mingw32/6.3.0/../../../libmingw32.a(pseudo-reloc.o) (__RUNTIME_PSEUDO_RELOC_LIST__)
c:/mingw/bin/../lib/gcc/mingw32/6.3.0/../../../libmingw32.a(crtst.o)
                              c:/mingw/bin/../lib/gcc/mingw32/6.3.0/../../../libmingw32.a(tlssup.o) (_CRT_MT)
c:/mingw/bin/../lib/gcc/mingw32/6.3.0/../../../libSDL2main.a(SDL_windows_main.o)
                              c:/mingw/bin/../lib/gcc/mingw32/6.3.0/../../../libmingw32.a(main.o) (WinMain@16)
c:/mingw/bin/../lib/gcc/mingw32/6.3.0/../../../libSDL2.dll.a(d000536.o)
                              tube.o (SDL_UpdateTexture)
c:/mingw/bin/../lib/gcc/mingw32/6.3.0/../../../libSDL2.dll.a(d000517.o)
                              c:/mingw/bin/../lib/gcc/mingw32/6.3.0/../../../libSDL2main.a(SDL_windows_main.o) (SDL_ShowSimpleMessageBox)
c:/mingw/bin/../lib/gcc/mingw32/6.3.0/../../../libSDL2.dll.a(d000515.o)
                              tube.o (SDL_ShowCursor)
c:/mingw/bin/../lib/gcc/mingw32/6.3.0/../../../libSDL2.dll.a(d000482.o)
                              tube.o (SDL_SetRenderDrawColor)
c:/mingw/bin/../lib/gcc/mingw32/6.3.0/../../../libSDL2.dll.a(d000475.o)
                              c:/mingw/bin/../lib/gcc/mingw32/6.3.0/../../../libSDL2main.a(SDL_windows_main.o) (SDL_SetMainReady)
c:/mingw/bin/../lib/gcc/mingw32/6.3.0/../../../libSDL2.dll.a(d000434.o)
                              tube.o (SDL_RenderPresent)
c:/mingw/bin/../lib/gcc/mingw32/6.3.0/../../../libSDL2.dll.a(d000415.o)
                              tube.o (SDL_RenderCopy)
c:/mingw/bin/../lib/gcc/mingw32/6.3.0/../../../libSDL2.dll.a(d000414.o)
                              tube.o (SDL_RenderClear)
c:/mingw/bin/../lib/gcc/mingw32/6.3.0/../../../libSDL2.dll.a(d000396.o)
                              tube.o (SDL_Quit)
c:/mingw/bin/../lib/gcc/mingw32/6.3.0/../../../libSDL2.dll.a(d000391.o)
                              tube.o (SDL_PollEvent)
c:/mingw/bin/../lib/gcc/mingw32/6.3.0/../../../libSDL2.dll.a(d000387.o)
                              HMP.o (SDL_PauseAudio)
c:/mingw/bin/../lib/gcc/mingw32/6.3.0/../../../libSDL2.dll.a(d000385.o)
[...]
Memory Configuration

Name             Origin             Length             Attributes
*default*        0x00000000         0xffffffff

Linker script and memory map

                0x00400000                __image_base__ = 0x400000
                0x00000000                __dll__ = 0x0
                0x00400000                ___ImageBase = 0x400000
                0x00001000                __section_alignment__ = 0x1000
                0x00000200                __file_alignment__ = 0x200
                0x00000004                __major_os_version__ = 0x4
                0x00000000                __minor_os_version__ = 0x0
                0x00000001                __major_image_version__ = 0x1
                0x00000000                __minor_image_version__ = 0x0
                0x00000004                __major_subsystem_version__ = 0x4
                0x00000000                __minor_subsystem_version__ = 0x0
                0x00000002                __subsystem__ = 0x2
                0x00200000                __size_of_stack_reserve__ = 0x200000
                0x00001000                __size_of_stack_commit__ = 0x1000
                0x00100000                __size_of_heap_reserve__ = 0x100000
                0x00001000                __size_of_heap_commit__ = 0x1000
                0x00000000                __loader_flags__ = 0x0
                0x00000000                __dll_characteristics__ = 0x0
LOAD c:/mingw/bin/../lib/gcc/mingw32/6.3.0/../../../crt2.o
LOAD c:/mingw/bin/../lib/gcc/mingw32/6.3.0/crtbegin.o
LOAD tube.o
LOAD trig.o
LOAD misc.o
LOAD SB16.o
LOAD HMP.o
LOAD hmpfile.o
LOAD hmpopl.o
LOAD opl.o
LOAD c:/mingw/bin/../lib/gcc/mingw32/6.3.0/../../../libwinmm.a
LOAD c:/mingw/bin/../lib/gcc/mingw32/6.3.0/../../../libmingw32.a
LOAD c:/mingw/bin/../lib/gcc/mingw32/6.3.0/../../../libSDL2main.a
LOAD c:/mingw/bin/../lib/gcc/mingw32/6.3.0/../../../libSDL2.dll.a
LOAD c:/mingw/bin/../lib/gcc/mingw32/6.3.0\libstdc++.a
LOAD c:/mingw/bin/../lib/gcc/mingw32/6.3.0/../../../libmingw32.a
LOAD c:/mingw/bin/../lib/gcc/mingw32/6.3.0/libgcc.a
LOAD c:/mingw/bin/../lib/gcc/mingw32/6.3.0/libgcc_eh.a
LOAD c:/mingw/bin/../lib/gcc/mingw32/6.3.0/../../../libmoldname.a
LOAD c:/mingw/bin/../lib/gcc/mingw32/6.3.0/../../../libmingwex.a
LOAD c:/mingw/bin/../lib/gcc/mingw32/6.3.0/../../../libmsvcrt.a
LOAD c:/mingw/bin/../lib/gcc/mingw32/6.3.0/../../../libgdi32.a
LOAD c:/mingw/bin/../lib/gcc/mingw32/6.3.0/../../../libcomdlg32.a
LOAD c:/mingw/bin/../lib/gcc/mingw32/6.3.0/../../../libadvapi32.a
LOAD c:/mingw/bin/../lib/gcc/mingw32/6.3.0/../../../libshell32.a
LOAD c:/mingw/bin/../lib/gcc/mingw32/6.3.0/../../../libuser32.a
LOAD c:/mingw/bin/../lib/gcc/mingw32/6.3.0/../../../libkernel32.a
LOAD c:/mingw/bin/../lib/gcc/mingw32/6.3.0/../../../libmingw32.a
LOAD c:/mingw/bin/../lib/gcc/mingw32/6.3.0/libgcc.a
LOAD c:/mingw/bin/../lib/gcc/mingw32/6.3.0/libgcc_eh.a
LOAD c:/mingw/bin/../lib/gcc/mingw32/6.3.0/../../../libmoldname.a
LOAD c:/mingw/bin/../lib/gcc/mingw32/6.3.0/../../../libmingwex.a
LOAD c:/mingw/bin/../lib/gcc/mingw32/6.3.0/../../../libmsvcrt.a
LOAD c:/mingw/bin/../lib/gcc/mingw32/6.3.0/crtend.o
                0x000002b8                . = SIZEOF_HEADERS
                0x00001000                . = ALIGN (__section_alignment__)

.text           0x00401000    0x34400
 *(.init)
 *(.text)
 .text          0x00401000      0x340 c:/mingw/bin/../lib/gcc/mingw32/6.3.0/../../../crt2.o
                0x004012a0                _mingw32_init_mainargs
                0x004012e0                mainCRTStartup
                0x00401300                WinMainCRTStartup
                0x00401320                atexit
                0x00401330                _onexit
 .text          0x00401340      0x120 c:/mingw/bin/../lib/gcc/mingw32/6.3.0/crtbegin.o
                0x00401340                __gcc_register_frame
                0x00401430                __gcc_deregister_frame
 .text          0x00401460    0x173b0 tube.o
                0x00402290                ToScreen()
                0x00402330                ReadConfig()
                0x00402500                CPP_FindMusicType(int)
                0x00402550                CPP_ResetMemory()
                0x00402580                CPP_ResetScreen()
                0x004025b0                CPP_CloseKeyboard()
                0x004025c0                CPP_ResetNetwork()
                0x004025d0                CPP_reset_host()
                0x00402610                CPP_save_game()
                0x004026d0                CPP_draw_the_winner(char)
                0x00402ad0                CPP_ClearScreenMCGA(void*, unsigned short, char)
                0x00402af0                CPP_save_score(unsigned char, unsigned char, char const*)
                0x00402d50                CPP_draw_enter_score(unsigned char, unsigned char)
                0x004034f0                CPP_move_it(int, int, int, short, short, int)
                0x00403940                CPP_DrawSpriteVres256(short, int, int, char*, unsigned char, char)
                0x00405070                CPP_draw_success()
                0x004050d0                CPP_draw_time_out()
                0x00405130                CPP_draw_winner(unsigned char)
                0x004051a0                CPP_draw_loser(unsigned char)
                0x00405210                CPP_DrawASpriteMCGA(short, short, int)
                0x00405270                CPP_draw_level_no(unsigned char)
                0x00405930                CPP_DrawBoxBPP(int, int, int, int, char, char)
                0x00405b20                CPP_check_extra_life()
                0x00405c30                CPP_check_scroll_change(unsigned char)
                0x00405d00                CPP_check_for_race_end(unsigned char)
                0x00405e20                CPP_delete_anims(unsigned char, unsigned int)
                0x00405e80                CPP_add_anims(unsigned char, int, unsigned short)
                0x00405f30                CPP_scroll_tube(char, unsigned char)
                0x00406240                CPP_add_alien(unsigned char, unsigned char, unsigned char, unsigned char)
                0x00406990                CPP_remove_effect(unsigned char)
                0x00406a10                CPP_check_effects(unsigned char)
                0x00406de0                CPP_do_anims(unsigned char)
                0x00406fb0                CPP_do_death_sound(unsigned char, char)
                0x00407070                CPP_count_swamp_anims(unsigned char)
                0x00407120                CPP_do_swamp_sounds(unsigned char)
                0x00407290                CPP_load_level(unsigned char)
                0x00407430                CPP_next_frames()
                0x004074b0                CPP_omni_map(int, int, short)
                0x00407a00                CPP_fade_zone(unsigned int, int, int, int)
                0x00407b60                CPP_new_starfield(short, int)
                0x00407ca0                CPP_setup_anims()
                0x00407dd0                CPP_setup_ships()
                0x00407f30                CPP_setup_bullets()
                0x00407f70                CPP_setup_aliens()
                0x00407fb0                CPP_add_extra_life(unsigned char)
                0x00408040                CPP_power_up(unsigned char)
                0x004081f0                CPP_check_point_with_players(unsigned char, unsigned short, unsigned short, unsigned short, unsigned short, unsigned short, unsigned short)
                0x00408380                CPP_lose_life(unsigned char)
                0x00408560                CPP_check_alien_to_players(unsigned char, int)
                0x00408b20                CPP_insert_effect(unsigned short, unsigned short, short)
                0x00408d40                CPP_add_alien_at_pos(unsigned char, char, short, short, short, unsigned short)
                0x00408f30                CPP_quick_sort_ships(int, short)
                0x004090a0                CPP_enter_ships(unsigned char)
                0x00409130                CPP_change_hit_block(unsigned char, unsigned short, unsigned short)
                0x004093d0                CPP_draw_block(int, unsigned short)
                0x00409560                CPP_check_bullets_to_aliens(int)
                0x00409cc0                CPP_organise_block(unsigned char, unsigned short*, unsigned short*)
                0x00409d60                CPP_nearest_alien(unsigned char, unsigned short, unsigned short, unsigned short, unsigned short*, unsigned short*, unsigned short*)
                0x00409ef0                CPP_move_in_line(int, int, unsigned short, unsigned short)
                0x0040a260                CPP_what_block(unsigned char, unsigned short, unsigned short)
                0x0040a300                CPP_do_bullets()
                0x0040bcb0                CPP_death_block(unsigned short)
                0x0040bd10                CPP_ice_block(unsigned short)
                0x0040bd70                CPP_solid_block(unsigned short)
                0x0040bdd0                CPP_swamp_block(unsigned short)
                0x0040be30                CPP_reverse_all(unsigned short)
                0x0040be90                CPP_reverse_y(unsigned short)
                0x0040bef0                CPP_reverse_x(unsigned short)
                0x0040bf50                CPP_do_player_blk_collision(unsigned char, unsigned char*, unsigned char*, unsigned char*, unsigned char*)
                0x0040cae0                CPP_change_block(unsigned char, unsigned short, unsigned short)
                0x0040cdd0                CPP_organise_blocks(unsigned char, unsigned short*, unsigned short*, unsigned short*, unsigned short*, unsigned short*, unsigned short*, unsigned short*, unsigned short*, unsigned short*, unsigned short*, unsigned short*, unsigned short*)
                0x0040d180                CPP_do_contact_blocks()
                0x0040d660                CPP_arctan(int, int)
                0x0040d7c0                CPP_do_aliens()
                0x0040ef70                CPP_how_many_bullets(char, unsigned char)
                0x0040efd0                CPP_add_bullet(unsigned char)
                0x00410250                CPP_smart_bomb(unsigned char)
                0x00410480                CPP_do_players_ships()
                0x00411230                CPP_do_ships()
                0x00411480                CPP_control_game()
                0x00411bd0                CPP_game_over(unsigned char)
                0x00411c50                CPP_read_digistick()
                0x00411c70                CPP_setup_addresses()
                0x00411d10                CPP_check_anim(unsigned short, unsigned short*)
                0x00411d70                CPP_set_scroll(int)
                0x00411e40                CPP_draw_ships()
                0x004120f0                CPP_draw_tube()
                0x004124c0                CPP_high_tube()
                0x00412750                CPP_setup_high_scores()
                0x00412940                CPP_load_game()
                0x00412bc0                CPP_tunnel_table()
                0x00413020                CPP_find_distant()
                0x004131f0                CPP_setup_tube_graphics(int)
                0x00413380                CPP_setup_tube()
                0x00413450                CPP_new_game()
                0x004137f0                CPP_clear_tube()
                0x00413820                CPP_setup_stuff()
                0x00413e40                CPP_init_tube()
                0x004140b0                CPP_SaveFileAt(int, int, int)
                0x00414150                CPP_MyWrite(int, int, int)
                0x00414180                CPP_make_fade_table(unsigned char*, unsigned char*, signed char, signed char, signed char, short, short, short)
                0x004142d0                CPP_KInt()
                0x004143a0                CPP_FindColor(unsigned char*, unsigned char, unsigned char, unsigned char)
                0x00414450                CPP_InitMusic()
                0x00414470                CPP_InitSound()
                0x00414480                CPP_calibrate_digistick()
                0x00414490                CPP_setup_a_sprite(unsigned int, unsigned int, unsigned int)
                0x004144e0                CPP_fill_stack()
                0x004144f0                CPP_SetupMemory()
                0x00414510                CPP_CheckMemory()
                0x00414620                CPP_MyLowAlloc(int)
                0x00414790                CPP_MyAlloc(int)
                0x00414900                CPP_split_arena(int, int)
                0x004149a0                CPP_MyFree(int)
                0x00414a30                CPP_FreeData(int)
                0x00414a60                CPP_FreeAllData(int)
                0x00414ac0                CPP_LoadData(int)
                0x00414dc0                CPP_reset_game()
                0x00414e70                CPP_load_all_tmaps()
                0x00415200                CPP_LoadAllData(int)
                0x004155b0                CPP_LoadFileAt(char const*, char*)
                0x004156f0                CPP_load_all_3d_files()
                0x00415b60                CPP_RncFileLength(int)
                0x00415c20                CPP_MyOpen(int, int)
                0x00415c90                CPP_MyRead(int, int, int)
                0x00415cc0                CPP_MyClose(int)
                0x00415cd0                CPP_UnpackM1(int, char*)
                0x00415ce0                CPP_delete_arena(int)
                0x00415d30                CPP_setup_vecs(int, int, int, int, int)
                0x00415db0                CPP_SetupScreenMCGA(unsigned char*)
                0x00415fb0                CPP_SetGraphicsWindow(short, short, short, short)
                0x00416020                CPP_SetPalette256(unsigned char*)
                0x00416090                CPP_GetPalette256(unsigned char*)
                0x004160d0                CPP_WaitVbi()
                0x004160f0                CPP_FadePalette256(unsigned char*, unsigned char, char)
                0x004164b0                CPP_who_won()
                0x00416640                CPP_enter_scores()
                0x00416a40                CPP_do_tube()
                0x00416fb0                CPP_setup_host()
                0x00417050                CPP_draw_hiscore()
                0x004171e0                CPP_draw_game()
                0x00417b80                CPP_game()
                0x004180d0                CPP_setup_game()
                0x00418710                SDL_main
 .text          0x00418810    0x12780 trig.o
                0x00418810                CPP_trig(int*, int*, int*)
 .text          0x0042af90      0x510 misc.o
                0x0042af90                FileSize
                0x0042afe0                LoadDSEG
                0x0042b470                FreeDSEG
 .text          0x0042b4a0      0x4c0 SB16.o
                0x0042b4a0                MIXER
                0x0042b660                MY_OpenSound
                0x0042b7c0                MY_FreeSound
                0x0042b7e0                MY_PlaySample
                0x0042b870                MY_FadeOutSample
                0x0042b8b0                MY_FadeInSample
                0x0042b920                MY_SetSamplePitch
                0x0042b950                MY_SetSamplePan
 .text          0x0042b960      0xcd0 HMP.o
                0x0042bd30                MY_OpenMusic
                0x0042c120                MY_FreeMusic
                0x0042c280                MY_StartMusic
                0x0042c570                MY_StopMusic
 .text          0x0042c630      0x830 hmpfile.o
                0x0042c630                hmp_init
                0x0042c9a0                hmp_open
                0x0042ca00                hmp_close
                0x0042ca10                hmp_get_event
                0x0042ce20                hmp_reset_tracks
 .text          0x0042ce60     0x2b20 hmpopl.o
                0x0042d480                hmpopl_play_midi
                0x0042ed70                hmpopl_new
                0x0042ed90                hmpopl_done
                0x0042edd0                hmpopl_set_bank
                0x0042f080                hmpopl_set_write_callback
                0x0042f090                hmpopl_start
                0x0042f550                hmpopl_reset
 .text          0x0042f980     0x2b20 opl.o
                0x00430460                OPL3_Reset
                0x00430760                OPL3_WriteReg
                0x004312a0                OPL3_Generate
                0x004317a0                OPL3_GenerateResampled
                0x00431d60                OPL3_WriteRegBuffered
                0x00431e80                OPL3_GenerateStream
 .text          0x004324a0        0x8 c:/mingw/bin/../lib/gcc/mingw32/6.3.0/../../../libwinmm.a(drqcs00090.o)
                0x004324a0                midiStreamOpen@24
 .text          0x004324a8        0x8 c:/mingw/bin/../lib/gcc/mingw32/6.3.0/../../../libwinmm.a(drqcs00089.o)
                0x004324a8                midiStreamClose@4
 .text          0x004324b0        0x8 c:/mingw/bin/../lib/gcc/mingw32/6.3.0/../../../libwinmm.a(drqcs00087.o)
                0x004324b0                midiOutShortMsg@8
 .text          0x004324b8        0x0 c:/mingw/bin/../lib/gcc/mingw32/6.3.0/../../../libwinmm.a(drqch.o)
 .text          0x004324b8        0x0 c:/mingw/bin/../lib/gcc/mingw32/6.3.0/../../../libwinmm.a(drqct.o)
 .text          0x004324b8        0x0 c:/mingw/bin/../lib/gcc/mingw32/6.3.0/../../../libmingw32.a(CRTglob.o)
 *fill*         0x004324b8        0x8 
 .text          0x004324c0      0x3a0 c:/mingw/bin/../lib/gcc/mingw32/6.3.0/../../../libmingw32.a(setargv.o)
                0x004324c0                _setargv
 .text          0x00432860        0x0 c:/mingw/bin/../lib/gcc/mingw32/6.3.0/../../../libmingw32.a(CRTfmode.o)
 .text          0x00432860      0x110 c:/mingw/bin/../lib/gcc/mingw32/6.3.0/../../../libmingw32.a(cpu_features.o)
                0x00432860                __cpu_features_init
 .text          0x00432970        0x0 c:/mingw/bin/../lib/gcc/mingw32/6.3.0/../../../libmingw32.a(CRT_fp10.o)
 .text          0x00432970        0x0 c:/mingw/bin/../lib/gcc/mingw32/6.3.0/../../../libmingw32.a(txtmode.o)
 .text          0x00432970        0x0 c:/mingw/bin/../lib/gcc/mingw32/6.3.0/../../../libmingw32.a(main.o)
 .text          0x00432970       0xa0 c:/mingw/bin/../lib/gcc/mingw32/6.3.0/../../../libmingw32.a(gccmain.o)
                0x00432970                __do_global_dtors
                0x004329a0                __do_global_ctors
                0x004329f0                __main
 .text          0x00432a10       0xf0 c:/mingw/bin/../lib/gcc/mingw32/6.3.0/../../../libmingw32.a(tlssup.o)
                0x00432a60                __dyn_tls_init@12
                0x00432af0                __tlregdtor
 .text          0x00432b00      0x230 c:/mingw/bin/../lib/gcc/mingw32/6.3.0/../../../libmingw32.a(tlsthrd.o)
                0x00432b60                ___w64_mingwthr_add_key_dtor
                0x00432bf0                ___w64_mingwthr_remove_key_dtor
                0x00432c90                __mingw_TLScallback
 .text          0x00432d30      0x310 c:/mingw/bin/../lib/gcc/mingw32/6.3.0/../../../libmingw32.a(pseudo-reloc.o)
                0x00432e70                _pei386_runtime_relocator
 .text          0x00433040        0x0 c:/mingw/bin/../lib/gcc/mingw32/6.3.0/../../../libmingw32.a(pseudo-reloc-list.o)
 .text          0x00433040        0x0 c:/mingw/bin/../lib/gcc/mingw32/6.3.0/../../../libmingw32.a(crtst.o)
 .text          0x00433040      0x360 c:/mingw/bin/../lib/gcc/mingw32/6.3.0/../../../libSDL2main.a(SDL_windows_main.o)
                0x00433370                console_ansi_main
                0x00433380                console_wmain
                0x00433390                WinMain@16
 .text          0x004333a0        0x8 c:/mingw/bin/../lib/gcc/mingw32/6.3.0/../../../libSDL2.dll.a(d000536.o)
                0x004333a0                SDL_UpdateTexture
 .text          0x004333a8        0x8 c:/mingw/bin/../lib/gcc/mingw32/6.3.0/../../../libSDL2.dll.a(d000517.o)
                0x004333a8                SDL_ShowSimpleMessageBox
 .text          0x004333b0        0x8 c:/mingw/bin/../lib/gcc/mingw32/6.3.0/../../../libSDL2.dll.a(d000515.o)
                0x004333b0                SDL_ShowCursor
 .text          0x004333b8        0x8 c:/mingw/bin/../lib/gcc/mingw32/6.3.0/../../../libSDL2.dll.a(d000482.o)
                0x004333b8                SDL_SetRenderDrawColor
 .text          0x004333c0        0x8 c:/mingw/bin/../lib/gcc/mingw32/6.3.0/../../../libSDL2.dll.a(d000475.o)
                0x004333c0                SDL_SetMainReady
 .text          0x004333c8        0x8 c:/mingw/bin/../lib/gcc/mingw32/6.3.0/../../../libSDL2.dll.a(d000434.o)
                0x004333c8                SDL_RenderPresent
 .text          0x004333d0        0x8 c:/mingw/bin/../lib/gcc/mingw32/6.3.0/../../../libSDL2.dll.a(d000415.o)
                0x004333d0                SDL_RenderCopy
 .text          0x004333d8        0x8 c:/mingw/bin/../lib/gcc/mingw32/6.3.0/../../../libSDL2.dll.a(d000414.o)
                0x004333d8                SDL_RenderClear
 .text          0x004333e0        0x8 c:/mingw/bin/../lib/gcc/mingw32/6.3.0/../../../libSDL2.dll.a(d000396.o)
                0x004333e0                SDL_Quit
 .text          0x004333e8        0x8 c:/mingw/bin/../lib/gcc/mingw32/6.3.0/../../../libSDL2.dll.a(d000391.o)
                0x004333e8                SDL_PollEvent
 .text          0x004333f0        0x8 c:/mingw/bin/../lib/gcc/mingw32/6.3.0/../../../libSDL2.dll.a(d000387.o)
                0x004333f0                SDL_PauseAudio
 .text          0x004333f8        0x8 c:/mingw/bin/../lib/gcc/mingw32/6.3.0/../../../libSDL2.dll.a(d000385.o)
                0x004333f8                SDL_OpenAudio
 .text          0x00433400        0x8 c:/mingw/bin/../lib/gcc/mingw32/6.3.0/../../../libSDL2.dll.a(d000296.o)
                0x00433400                SDL_Init
 .text          0x00433408        0x8 c:/mingw/bin/../lib/gcc/mingw32/6.3.0/../../../libSDL2.dll.a(d000223.o)
                0x00433408                SDL_GetTicks
 .text          0x00433410        0x8 c:/mingw/bin/../lib/gcc/mingw32/6.3.0/../../../libSDL2.dll.a(d000072.o)
                0x00433410                SDL_DestroyWindow
 .text          0x00433418        0x8 c:/mingw/bin/../lib/gcc/mingw32/6.3.0/../../../libSDL2.dll.a(d000071.o)
                0x00433418                SDL_DestroyTexture
 .text          0x00433420        0x8 c:/mingw/bin/../lib/gcc/mingw32/6.3.0/../../../libSDL2.dll.a(d000069.o)
                0x00433420                SDL_DestroyRenderer
 .text          0x00433428        0x8 c:/mingw/bin/../lib/gcc/mingw32/6.3.0/../../../libSDL2.dll.a(d000065.o)
                0x00433428                SDL_Delay
 .text          0x00433430        0x8 c:/mingw/bin/../lib/gcc/mingw32/6.3.0/../../../libSDL2.dll.a(d000058.o)
                0x00433430                SDL_CreateWindow
 .text          0x00433438        0x8 c:/mingw/bin/../lib/gcc/mingw32/6.3.0/../../../libSDL2.dll.a(d000054.o)
                0x00433438                SDL_CreateTexture
 .text          0x00433440        0x8 c:/mingw/bin/../lib/gcc/mingw32/6.3.0/../../../libSDL2.dll.a(d000049.o)
                0x00433440                SDL_CreateRenderer
 .text          0x00433448        0x8 c:/mingw/bin/../lib/gcc/mingw32/6.3.0/../../../libSDL2.dll.a(d000030.o)
                0x00433448                SDL_CloseAudio
 .text          0x00433450       0x2c c:/mingw/bin/../lib/gcc/mingw32/6.3.0/libgcc.a(_chkstk_ms.o)
                0x00433450                __chkstk_ms
 .text          0x0043347c        0x0 c:/mingw/bin/../lib/gcc/mingw32/6.3.0/libgcc.a(_ctors.o)
 *fill*         0x0043347c        0x4 
 .text          0x00433480      0x140 c:/mingw/bin/../lib/gcc/mingw32/6.3.0/libgcc.a(_divdi3.o)
                0x00433480                __divdi3
 .text          0x004335c0        0x8 c:/mingw/bin/../lib/gcc/mingw32/6.3.0/../../../libmoldname.a(dagwbs00081.o)
                0x004335c0                stricmp
 .text          0x004335c8        0x8 c:/mingw/bin/../lib/gcc/mingw32/6.3.0/../../../libmoldname.a(dagwbs00035.o)
                0x004335c8                getch
 .text          0x004335d0        0x0 c:/mingw/bin/../lib/gcc/mingw32/6.3.0/../../../libmoldname.a(dagwbh.o)
 .text          0x004335d0        0x0 c:/mingw/bin/../lib/gcc/mingw32/6.3.0/../../../libmoldname.a(dagwbt.o)
 .text          0x004335d0       0x70 c:/mingw/bin/../lib/gcc/mingw32/6.3.0/../../../libmingwex.a(fesetenv.o)
                0x004335d0                fesetenv
 .text          0x00433640     0x1080 c:/mingw/bin/../lib/gcc/mingw32/6.3.0/../../../libmingwex.a(glob.o)
                0x00434570                __mingw_glob
                0x00434660                __mingw_globfree
 .text          0x004346c0      0x400 c:/mingw/bin/../lib/gcc/mingw32/6.3.0/../../../libmingwex.a(dirname.o)
                0x004346c0                __mingw_dirname
 .text          0x00434ac0      0x4f0 c:/mingw/bin/../lib/gcc/mingw32/6.3.0/../../../libmingwex.a(dirent.o)
                0x00434c40                __mingw_opendir
                0x00434e00                __mingw_readdir
                0x00434e50                __mingw_closedir
                0x00434ea0                __mingw_rewinddir
                0x00434f00                __mingw_telldir
                0x00434f30                __mingw_seekdir
 .text          0x00434fb0        0x8 c:/mingw/bin/../lib/gcc/mingw32/6.3.0/../../../libmsvcrt.a(djpvbs01325.o)
                0x00434fb0                wcstombs
 .text          0x00434fb8        0x8 c:/mingw/bin/../lib/gcc/mingw32/6.3.0/../../../libmsvcrt.a(djpvbs01284.o)
                0x00434fb8                vfprintf
 .text          0x00434fc0        0x8 c:/mingw/bin/../lib/gcc/mingw32/6.3.0/../../../libmsvcrt.a(djpvbs01277.o)
                0x00434fc0                tolower
 .text          0x00434fc8        0x8 c:/mingw/bin/../lib/gcc/mingw32/6.3.0/../../../libmsvcrt.a(djpvbs01252.o)
                0x00434fc8                strncmp
 .text          0x00434fd0        0x8 c:/mingw/bin/../lib/gcc/mingw32/6.3.0/../../../libmsvcrt.a(djpvbs01249.o)
                0x00434fd0                strlen
 .text          0x00434fd8        0x8 c:/mingw/bin/../lib/gcc/mingw32/6.3.0/../../../libmsvcrt.a(djpvbs01243.o)
                0x00434fd8                strcpy
 .text          0x00434fe0        0x8 c:/mingw/bin/../lib/gcc/mingw32/6.3.0/../../../libmsvcrt.a(djpvbs01242.o)
                0x00434fe0                strcoll
 .text          0x00434fe8        0x8 c:/mingw/bin/../lib/gcc/mingw32/6.3.0/../../../libmsvcrt.a(djpvbs01232.o)
                0x00434fe8                sprintf
 .text          0x00434ff0        0x8 c:/mingw/bin/../lib/gcc/mingw32/6.3.0/../../../libmsvcrt.a(djpvbs01229.o)
                0x00434ff0                signal
 .text          0x00434ff8        0x8 c:/mingw/bin/../lib/gcc/mingw32/6.3.0/../../../libmsvcrt.a(djpvbs01227.o)
                0x00434ff8                setlocale
 .text          0x00435000        0x8 c:/mingw/bin/../lib/gcc/mingw32/6.3.0/../../../libmsvcrt.a(djpvbs01220.o)
                0x00435000                realloc
 .text          0x00435008        0x8 c:/mingw/bin/../lib/gcc/mingw32/6.3.0/../../../libmsvcrt.a(djpvbs01212.o)
                0x00435008                puts
 .text          0x00435010        0x8 c:/mingw/bin/../lib/gcc/mingw32/6.3.0/../../../libmsvcrt.a(djpvbs01208.o)
                0x00435010                printf
 .text          0x00435018        0x8 c:/mingw/bin/../lib/gcc/mingw32/6.3.0/../../../libmsvcrt.a(djpvbs01203.o)
                0x00435018                memset
 .text          0x00435020        0x8 c:/mingw/bin/../lib/gcc/mingw32/6.3.0/../../../libmsvcrt.a(djpvbs01199.o)
                0x00435020                memcpy
 .text          0x00435028        0x8 c:/mingw/bin/../lib/gcc/mingw32/6.3.0/../../../libmsvcrt.a(djpvbs01198.o)
                0x00435028                memcmp
 .text          0x00435030        0x8 c:/mingw/bin/../lib/gcc/mingw32/6.3.0/../../../libmsvcrt.a(djpvbs01194.o)
                0x00435030                mbstowcs
 .text          0x00435038        0x8 c:/mingw/bin/../lib/gcc/mingw32/6.3.0/../../../libmsvcrt.a(djpvbs01187.o)
                0x00435038                malloc
 .text          0x00435040        0x8 c:/mingw/bin/../lib/gcc/mingw32/6.3.0/../../../libmsvcrt.a(djpvbs01142.o)
                0x00435040                fwrite
 .text          0x00435048        0x8 c:/mingw/bin/../lib/gcc/mingw32/6.3.0/../../../libmsvcrt.a(djpvbs01139.o)
                0x00435048                ftell
 .text          0x00435050        0x8 c:/mingw/bin/../lib/gcc/mingw32/6.3.0/../../../libmsvcrt.a(djpvbs01137.o)
                0x00435050                fseek
 .text          0x00435058        0x8 c:/mingw/bin/../lib/gcc/mingw32/6.3.0/../../../libmsvcrt.a(djpvbs01135.o)
                0x00435058                fscanf
 .text          0x00435060        0x8 c:/mingw/bin/../lib/gcc/mingw32/6.3.0/../../../libmsvcrt.a(djpvbs01131.o)
                0x00435060                free
 .text          0x00435068        0x8 c:/mingw/bin/../lib/gcc/mingw32/6.3.0/../../../libmsvcrt.a(djpvbs01130.o)
                0x00435068                fread
 .text          0x00435070        0x8 c:/mingw/bin/../lib/gcc/mingw32/6.3.0/../../../libmsvcrt.a(djpvbs01122.o)
                0x00435070                fopen
 .text          0x00435078        0x8 c:/mingw/bin/../lib/gcc/mingw32/6.3.0/../../../libmsvcrt.a(djpvbs01117.o)
                0x00435078                fgets
 .text          0x00435080        0x8 c:/mingw/bin/../lib/gcc/mingw32/6.3.0/../../../libmsvcrt.a(djpvbs01111.o)
                0x00435080                fclose
 .text          0x00435088        0x8 c:/mingw/bin/../lib/gcc/mingw32/6.3.0/../../../libmsvcrt.a(djpvbs01108.o)
                0x00435088                exit
 .text          0x00435090        0x8 c:/mingw/bin/../lib/gcc/mingw32/6.3.0/../../../libmsvcrt.a(djpvbs01098.o)
                0x00435090                calloc
 .text          0x00435098        0x0 c:/mingw/bin/../lib/gcc/mingw32/6.3.0/../../../libmsvcrt.a(djpvbs01091.o)
 .text          0x00435098        0x8 c:/mingw/bin/../lib/gcc/mingw32/6.3.0/../../../libmsvcrt.a(djpvbs01083.o)
                0x00435098                abort
 .text          0x004350a0        0x8 c:/mingw/bin/../lib/gcc/mingw32/6.3.0/../../../libmsvcrt.a(djpvbs00753.o)
                0x004350a0                _setmode
 .text          0x004350a8        0x0 c:/mingw/bin/../lib/gcc/mingw32/6.3.0/../../../libmsvcrt.a(djpvbs00698.o)
 .text          0x004350a8        0x0 c:/mingw/bin/../lib/gcc/mingw32/6.3.0/../../../libmsvcrt.a(djpvbs00689.o)
 .text          0x004350a8        0x8 c:/mingw/bin/../lib/gcc/mingw32/6.3.0/../../../libmsvcrt.a(djpvbs00422.o)
                0x004350a8                _isctype
 .text          0x004350b0        0x0 c:/mingw/bin/../lib/gcc/mingw32/6.3.0/../../../libmsvcrt.a(djpvbs00417.o)
 .text          0x004350b0        0x8 c:/mingw/bin/../lib/gcc/mingw32/6.3.0/../../../libmsvcrt.a(djpvbs00350.o)
                0x004350b0                _fullpath
 .text          0x004350b8        0x8 c:/mingw/bin/../lib/gcc/mingw32/6.3.0/../../../libmsvcrt.a(djpvbs00285.o)
                0x004350b8                _errno
 .text          0x004350c0        0x8 c:/mingw/bin/../lib/gcc/mingw32/6.3.0/../../../libmsvcrt.a(djpvbs00219.o)
                0x004350c0                _cexit
 .text          0x004350c8        0x8 c:/mingw/bin/../lib/gcc/mingw32/6.3.0/../../../libmsvcrt.a(djpvbs00133.o)
                0x004350c8                __p__fmode
 .text          0x004350d0        0x8 c:/mingw/bin/../lib/gcc/mingw32/6.3.0/../../../libmsvcrt.a(djpvbs00131.o)
                0x004350d0                __p__environ
 .text          0x004350d8        0x0 c:/mingw/bin/../lib/gcc/mingw32/6.3.0/../../../libmsvcrt.a(djpvbs00119.o)
 .text          0x004350d8        0x8 c:/mingw/bin/../lib/gcc/mingw32/6.3.0/../../../libmsvcrt.a(djpvbs00088.o)
                0x004350d8                __getmainargs
 .text          0x004350e0        0x0 c:/mingw/bin/../lib/gcc/mingw32/6.3.0/../../../libmsvcrt.a(djpvbh.o)
 .text          0x004350e0        0x0 c:/mingw/bin/../lib/gcc/mingw32/6.3.0/../../../libmsvcrt.a(djpvbt.o)
 .text          0x004350e0        0x8 c:/mingw/bin/../lib/gcc/mingw32/6.3.0/../../../libkernel32.a(dujcs01215.o)
                0x004350e0                VirtualQuery@12
 .text          0x004350e8        0x8 c:/mingw/bin/../lib/gcc/mingw32/6.3.0/../../../libkernel32.a(dujcs01213.o)
                0x004350e8                VirtualProtect@16
 .text          0x004350f0        0x8 c:/mingw/bin/../lib/gcc/mingw32/6.3.0/../../../libkernel32.a(dujcs01173.o)
                0x004350f0                TlsGetValue@4
 .text          0x004350f8        0x8 c:/mingw/bin/../lib/gcc/mingw32/6.3.0/../../../libkernel32.a(dujcs01140.o)
                0x004350f8                SetUnhandledExceptionFilter@4
 .text          0x00435100        0x8 c:/mingw/bin/../lib/gcc/mingw32/6.3.0/../../../libkernel32.a(dujcs00817.o)
                0x00435100                LoadLibraryA@4
 .text          0x00435108        0x8 c:/mingw/bin/../lib/gcc/mingw32/6.3.0/../../../libkernel32.a(dujcs00814.o)
                0x00435108                LeaveCriticalSection@4
 .text          0x00435110        0x8 c:/mingw/bin/../lib/gcc/mingw32/6.3.0/../../../libkernel32.a(dujcs00734.o)
                0x00435110                InitializeCriticalSection@4
 .text          0x00435118        0x8 c:/mingw/bin/../lib/gcc/mingw32/6.3.0/../../../libkernel32.a(dujcs00606.o)
                0x00435118                GetStartupInfoA@4
 .text          0x00435120        0x8 c:/mingw/bin/../lib/gcc/mingw32/6.3.0/../../../libkernel32.a(dujcs00577.o)
                0x00435120                GetProcAddress@8
 .text          0x00435128        0x8 c:/mingw/bin/../lib/gcc/mingw32/6.3.0/../../../libkernel32.a(dujcs00529.o)
                0x00435128                GetModuleHandleA@4
 .text          0x00435130        0x8 c:/mingw/bin/../lib/gcc/mingw32/6.3.0/../../../libkernel32.a(dujcs00510.o)
                0x00435130                GetLastError@0
 .text          0x00435138        0x8 c:/mingw/bin/../lib/gcc/mingw32/6.3.0/../../../libkernel32.a(dujcs00388.o)
                0x00435138                GetCommandLineA@0
 .text          0x00435140        0x8 c:/mingw/bin/../lib/gcc/mingw32/6.3.0/../../../libkernel32.a(dujcs00352.o)
                0x00435140                FreeLibrary@4
 .text          0x00435148        0x8 c:/mingw/bin/../lib/gcc/mingw32/6.3.0/../../../libkernel32.a(dujcs00321.o)
                0x00435148                FindNextFileA@8
 .text          0x00435150        0x8 c:/mingw/bin/../lib/gcc/mingw32/6.3.0/../../../libkernel32.a(dujcs00304.o)
                0x00435150                FindFirstFileA@8
 .text          0x00435158        0x8 c:/mingw/bin/../lib/gcc/mingw32/6.3.0/../../../libkernel32.a(dujcs00300.o)
                0x00435158                FindClose@4
 .text          0x00435160        0x8 c:/mingw/bin/../lib/gcc/mingw32/6.3.0/../../../libkernel32.a(dujcs00279.o)
                0x00435160                ExitProcess@4
 .text          0x00435168        0x8 c:/mingw/bin/../lib/gcc/mingw32/6.3.0/../../../libkernel32.a(dujcs00236.o)
                0x00435168                EnterCriticalSection@4
 .text          0x00435170        0x8 c:/mingw/bin/../lib/gcc/mingw32/6.3.0/../../../libkernel32.a(dujcs00207.o)
                0x00435170                DeleteCriticalSection@4
 .text          0x00435178        0x0 c:/mingw/bin/../lib/gcc/mingw32/6.3.0/../../../libkernel32.a(dujch.o)
 .text          0x00435178        0x0 c:/mingw/bin/../lib/gcc/mingw32/6.3.0/../../../libkernel32.a(dujct.o)
 .text          0x00435178        0x8 c:/mingw/bin/../lib/gcc/mingw32/6.3.0/../../../libmoldname.a(dagwbs00082.o)
                0x00435178                stricoll
 .text          0x00435180        0x8 c:/mingw/bin/../lib/gcc/mingw32/6.3.0/../../../libmoldname.a(dagwbs00080.o)
                0x00435180                strdup
 .text          0x00435188        0x0 c:/mingw/bin/../lib/gcc/mingw32/6.3.0/crtend.o
 *(SORT(.text$*))
 *(.text.*)
 *fill*         0x00435188        0x8 
 .text.startup  0x00435190       0xd0 c:/mingw/bin/../lib/gcc/mingw32/6.3.0/../../../libmingw32.a(main.o)
                0x00435190                main
 .text.startup  0x00435260       0x10 c:/mingw/bin/../lib/gcc/mingw32/6.3.0/crtend.o
 *(.gnu.linkonce.t.*)
 *(.glue_7t)
 *(.glue_7)
                0x00435270                ___CTOR_LIST__ = .
                0x00435270                __CTOR_LIST__ = .
                0x00435270        0x4 LONG 0xffffffff
 *(.ctors)
 *(.ctor)
 *(SORT(.ctors.*))
 .ctors.65535   0x00435274        0x4 c:/mingw/bin/../lib/gcc/mingw32/6.3.0/crtend.o
                0x00435278        0x4 LONG 0x0
                0x0043527c                ___DTOR_LIST__ = .
                0x0043527c                __DTOR_LIST__ = .
                0x0043527c        0x4 LONG 0xffffffff
 *(.dtors)
 *(.dtor)
 *(SORT(.dtors.*))
                0x00435280        0x4 LONG 0x0
 *(.fini)
 *(.gcc_exc)
                [!provide]                PROVIDE (etext, .)
                [!provide]                PROVIDE (_etext, .)
 *(.gcc_except_table)

.data           0x00436000      0x200
                0x00436000                __data_start__ = .
 *(.data)
 .data          0x00436000        0x0 c:/mingw/bin/../lib/gcc/mingw32/6.3.0/../../../crt2.o
 .data          0x00436000        0x4 c:/mingw/bin/../lib/gcc/mingw32/6.3.0/crtbegin.o
 *fill*         0x00436004       0x1c 
 .data          0x00436020      0x160 tube.o
                0x00436020                SCALE
                0x00436040                aHighScoresNNjo
                0x00436140                in_al_60h
 .data          0x00436180        0x0 trig.o
 .data          0x00436180        0x0 misc.o
 .data          0x00436180        0x0 SB16.o
 .data          0x00436180        0x4 HMP.o
                0x00436181                MusicMode
 .data          0x00436184        0x0 hmpfile.o
 .data          0x00436184        0x0 hmpopl.o
 .data          0x00436184        0x0 opl.o
 .data          0x00436184        0x0 c:/mingw/bin/../lib/gcc/mingw32/6.3.0/../../../libwinmm.a(drqcs00090.o)
 .data          0x00436184        0x0 c:/mingw/bin/../lib/gcc/mingw32/6.3.0/../../../libwinmm.a(drqcs00089.o)
 .data          0x00436184        0x0 c:/mingw/bin/../lib/gcc/mingw32/6.3.0/../../../libwinmm.a(drqcs00087.o)
 .data          0x00436184        0x0 c:/mingw/bin/../lib/gcc/mingw32/6.3.0/../../../libwinmm.a(drqch.o)
 .data          0x00436184        0x0 c:/mingw/bin/../lib/gcc/mingw32/6.3.0/../../../libwinmm.a(drqct.o)
 .data          0x00436184        0x4 c:/mingw/bin/../lib/gcc/mingw32/6.3.0/../../../libmingw32.a(CRTglob.o)
                0x00436184                _CRT_glob
 .data          0x00436188        0x0 c:/mingw/bin/../lib/gcc/mingw32/6.3.0/../../../libmingw32.a(setargv.o)
 .data          0x00436188        0x0 c:/mingw/bin/../lib/gcc/mingw32/6.3.0/../../../libmingw32.a(CRTfmode.o)
 .data          0x00436188        0x0 c:/mingw/bin/../lib/gcc/mingw32/6.3.0/../../../libmingw32.a(cpu_features.o)
 .data          0x00436188        0x4 c:/mingw/bin/../lib/gcc/mingw32/6.3.0/../../../libmingw32.a(CRT_fp10.o)
                0x00436188                _CRT_fenv
 .data          0x0043618c        0x4 c:/mingw/bin/../lib/gcc/mingw32/6.3.0/../../../libmingw32.a(txtmode.o)
                0x0043618c                _fmode
 .data          0x00436190        0x0 c:/mingw/bin/../lib/gcc/mingw32/6.3.0/../../../libmingw32.a(main.o)
 .data          0x00436190        0x4 c:/mingw/bin/../lib/gcc/mingw32/6.3.0/../../../libmingw32.a(gccmain.o)
 .data          0x00436194        0x0 c:/mingw/bin/../lib/gcc/mingw32/6.3.0/../../../libmingw32.a(tlssup.o)
 .data          0x00436194        0x0 c:/mingw/bin/../lib/gcc/mingw32/6.3.0/../../../libmingw32.a(tlsthrd.o)
 .data          0x00436194        0x0 c:/mingw/bin/../lib/gcc/mingw32/6.3.0/../../../libmingw32.a(pseudo-reloc.o)
 .data          0x00436194        0x0 c:/mingw/bin/../lib/gcc/mingw32/6.3.0/../../../libmingw32.a(pseudo-reloc-list.o)
 .data          0x00436194        0x0 c:/mingw/bin/../lib/gcc/mingw32/6.3.0/../../../libmingw32.a(crtst.o)
 .data          0x00436194        0x0 c:/mingw/bin/../lib/gcc/mingw32/6.3.0/../../../libSDL2main.a(SDL_windows_main.o)
 .data          0x00436194        0x0 c:/mingw/bin/../lib/gcc/mingw32/6.3.0/libgcc.a(_chkstk_ms.o)
 .data          0x00436194        0x0 c:/mingw/bin/../lib/gcc/mingw32/6.3.0/libgcc.a(_ctors.o)
 .data          0x00436194        0x0 c:/mingw/bin/../lib/gcc/mingw32/6.3.0/libgcc.a(_divdi3.o)
 .data          0x00436194        0x0 c:/mingw/bin/../lib/gcc/mingw32/6.3.0/../../../libmoldname.a(dagwbs00081.o)
 .data          0x00436194        0x0 c:/mingw/bin/../lib/gcc/mingw32/6.3.0/../../../libmoldname.a(dagwbs00035.o)
 .data          0x00436194        0x0 c:/mingw/bin/../lib/gcc/mingw32/6.3.0/../../../libmoldname.a(dagwbh.o)
 .data          0x00436194        0x0 c:/mingw/bin/../lib/gcc/mingw32/6.3.0/../../../libmoldname.a(dagwbt.o)
 .data          0x00436194        0x4 c:/mingw/bin/../lib/gcc/mingw32/6.3.0/../../../libmingwex.a(fesetenv.o)
 .data          0x00436198        0x0 c:/mingw/bin/../lib/gcc/mingw32/6.3.0/../../../libmingwex.a(glob.o)
 .data          0x00436198        0x0 c:/mingw/bin/../lib/gcc/mingw32/6.3.0/../../../libmingwex.a(dirname.o)
 .data          0x00436198        0x0 c:/mingw/bin/../lib/gcc/mingw32/6.3.0/../../../libmingwex.a(dirent.o)
 .data          0x00436198        0x0 c:/mingw/bin/../lib/gcc/mingw32/6.3.0/../../../libmsvcrt.a(djpvbs01325.o)
 .data          0x00436198        0x0 c:/mingw/bin/../lib/gcc/mingw32/6.3.0/../../../libmsvcrt.a(djpvbs01284.o)
 .data          0x00436198        0x0 c:/mingw/bin/../lib/gcc/mingw32/6.3.0/../../../libmsvcrt.a(djpvbs01277.o)
 .data          0x00436198        0x0 c:/mingw/bin/../lib/gcc/mingw32/6.3.0/../../../libmsvcrt.a(djpvbs01252.o)
 .data          0x00436198        0x0 c:/mingw/bin/../lib/gcc/mingw32/6.3.0/../../../libmsvcrt.a(djpvbs01249.o)
 .data          0x00436198        0x0 c:/mingw/bin/../lib/gcc/mingw32/6.3.0/../../../libmsvcrt.a(djpvbs01243.o)
 .data          0x00436198        0x0 c:/mingw/bin/../lib/gcc/mingw32/6.3.0/../../../libmsvcrt.a(djpvbs01242.o)
 .data          0x00436198        0x0 c:/mingw/bin/../lib/gcc/mingw32/6.3.0/../../../libmsvcrt.a(djpvbs01232.o)
 .data          0x00436198        0x0 c:/mingw/bin/../lib/gcc/mingw32/6.3.0/../../../libmsvcrt.a(djpvbs01229.o)
 .data          0x00436198        0x0 c:/mingw/bin/../lib/gcc/mingw32/6.3.0/../../../libmsvcrt.a(djpvbs01227.o)
 .data          0x00436198        0x0 c:/mingw/bin/../lib/gcc/mingw32/6.3.0/../../../libmsvcrt.a(djpvbs01220.o)
 .data          0x00436198        0x0 c:/mingw/bin/../lib/gcc/mingw32/6.3.0/../../../libmsvcrt.a(djpvbs01212.o)
 .data          0x00436198        0x0 c:/mingw/bin/../lib/gcc/mingw32/6.3.0/../../../libmsvcrt.a(djpvbs01208.o)
 .data          0x00436198        0x0 c:/mingw/bin/../lib/gcc/mingw32/6.3.0/../../../libmsvcrt.a(djpvbs01203.o)
 .data          0x00436198        0x0 c:/mingw/bin/../lib/gcc/mingw32/6.3.0/../../../libmsvcrt.a(djpvbs01199.o)
 .data          0x00436198        0x0 c:/mingw/bin/../lib/gcc/mingw32/6.3.0/../../../libmsvcrt.a(djpvbs01198.o)
 .data          0x00436198        0x0 c:/mingw/bin/../lib/gcc/mingw32/6.3.0/../../../libmsvcrt.a(djpvbs01194.o)
 .data          0x00436198        0x0 c:/mingw/bin/../lib/gcc/mingw32/6.3.0/../../../libmsvcrt.a(djpvbs01187.o)
 .data          0x00436198        0x0 c:/mingw/bin/../lib/gcc/mingw32/6.3.0/../../../libmsvcrt.a(djpvbs01142.o)
 .data          0x00436198        0x0 c:/mingw/bin/../lib/gcc/mingw32/6.3.0/../../../libmsvcrt.a(djpvbs01139.o)
 .data          0x00436198        0x0 c:/mingw/bin/../lib/gcc/mingw32/6.3.0/../../../libmsvcrt.a(djpvbs01137.o)
 .data          0x00436198        0x0 c:/mingw/bin/../lib/gcc/mingw32/6.3.0/../../../libmsvcrt.a(djpvbs01135.o)
 .data          0x00436198        0x0 c:/mingw/bin/../lib/gcc/mingw32/6.3.0/../../../libmsvcrt.a(djpvbs01131.o)
 .data          0x00436198        0x0 c:/mingw/bin/../lib/gcc/mingw32/6.3.0/../../../libmsvcrt.a(djpvbs01130.o)
 .data          0x00436198        0x0 c:/mingw/bin/../lib/gcc/mingw32/6.3.0/../../../libmsvcrt.a(djpvbs01122.o)
 .data          0x00436198        0x0 c:/mingw/bin/../lib/gcc/mingw32/6.3.0/../../../libmsvcrt.a(djpvbs01117.o)
 .data          0x00436198        0x0 c:/mingw/bin/../lib/gcc/mingw32/6.3.0/../../../libmsvcrt.a(djpvbs01111.o)
 .data          0x00436198        0x0 c:/mingw/bin/../lib/gcc/mingw32/6.3.0/../../../libmsvcrt.a(djpvbs01108.o)
 .data          0x00436198        0x0 c:/mingw/bin/../lib/gcc/mingw32/6.3.0/../../../libmsvcrt.a(djpvbs01098.o)
 .data          0x00436198        0x0 c:/mingw/bin/../lib/gcc/mingw32/6.3.0/../../../libmsvcrt.a(djpvbs01091.o)
 .data          0x00436198        0x0 c:/mingw/bin/../lib/gcc/mingw32/6.3.0/../../../libmsvcrt.a(djpvbs01083.o)
 .data          0x00436198        0x0 c:/mingw/bin/../lib/gcc/mingw32/6.3.0/../../../libmsvcrt.a(djpvbs00753.o)
 .data          0x00436198        0x0 c:/mingw/bin/../lib/gcc/mingw32/6.3.0/../../../libmsvcrt.a(djpvbs00698.o)
 .data          0x00436198        0x0 c:/mingw/bin/../lib/gcc/mingw32/6.3.0/../../../libmsvcrt.a(djpvbs00689.o)
 .data          0x00436198        0x0 c:/mingw/bin/../lib/gcc/mingw32/6.3.0/../../../libmsvcrt.a(djpvbs00422.o)
 .data          0x00436198        0x0 c:/mingw/bin/../lib/gcc/mingw32/6.3.0/../../../libmsvcrt.a(djpvbs00417.o)
 .data          0x00436198        0x0 c:/mingw/bin/../lib/gcc/mingw32/6.3.0/../../../libmsvcrt.a(djpvbs00350.o)
 .data          0x00436198        0x0 c:/mingw/bin/../lib/gcc/mingw32/6.3.0/../../../libmsvcrt.a(djpvbs00324.o)
 .data          0x00436198        0x0 c:/mingw/bin/../lib/gcc/mingw32/6.3.0/../../../libmsvcrt.a(djpvbs00285.o)
 .data          0x00436198        0x0 c:/mingw/bin/../lib/gcc/mingw32/6.3.0/../../../libmsvcrt.a(djpvbs00219.o)
 .data          0x00436198        0x0 c:/mingw/bin/../lib/gcc/mingw32/6.3.0/../../../libmsvcrt.a(djpvbs00153.o)
 .data          0x00436198        0x0 c:/mingw/bin/../lib/gcc/mingw32/6.3.0/../../../libmsvcrt.a(djpvbs00133.o)
 .data          0x00436198        0x0 c:/mingw/bin/../lib/gcc/mingw32/6.3.0/../../../libmsvcrt.a(djpvbs00131.o)
 .data          0x00436198        0x0 c:/mingw/bin/../lib/gcc/mingw32/6.3.0/../../../libmsvcrt.a(djpvbs00119.o)
 .data          0x00436198        0x0 c:/mingw/bin/../lib/gcc/mingw32/6.3.0/../../../libmsvcrt.a(djpvbs00088.o)
 .data          0x00436198        0x0 c:/mingw/bin/../lib/gcc/mingw32/6.3.0/../../../libmsvcrt.a(djpvbh.o)
 .data          0x00436198        0x0 c:/mingw/bin/../lib/gcc/mingw32/6.3.0/../../../libmsvcrt.a(djpvbt.o)
 .data          0x00436198        0x0 c:/mingw/bin/../lib/gcc/mingw32/6.3.0/../../../libkernel32.a(dujcs01247.o)
 .data          0x00436198        0x0 c:/mingw/bin/../lib/gcc/mingw32/6.3.0/../../../libkernel32.a(dujcs01215.o)
 .data          0x00436198        0x0 c:/mingw/bin/../lib/gcc/mingw32/6.3.0/../../../libkernel32.a(dujcs01213.o)
 .data          0x00436198        0x0 c:/mingw/bin/../lib/gcc/mingw32/6.3.0/../../../libkernel32.a(dujcs01210.o)
 .data          0x00436198        0x0 c:/mingw/bin/../lib/gcc/mingw32/6.3.0/../../../libkernel32.a(dujcs01207.o)
 .data          0x00436198        0x0 c:/mingw/bin/../lib/gcc/mingw32/6.3.0/../../../libkernel32.a(dujcs01173.o)
 .data          0x00436198        0x0 c:/mingw/bin/../lib/gcc/mingw32/6.3.0/../../../libkernel32.a(dujcs01140.o)
 .data          0x00436198        0x0 c:/mingw/bin/../lib/gcc/mingw32/6.3.0/../../../libkernel32.a(dujcs00817.o)
 .data          0x00436198        0x0 c:/mingw/bin/../lib/gcc/mingw32/6.3.0/../../../libkernel32.a(dujcs00814.o)
 .data          0x00436198        0x0 c:/mingw/bin/../lib/gcc/mingw32/6.3.0/../../../libkernel32.a(dujcs00734.o)
 .data          0x00436198        0x0 c:/mingw/bin/../lib/gcc/mingw32/6.3.0/../../../libkernel32.a(dujcs00606.o)
 .data          0x00436198        0x0 c:/mingw/bin/../lib/gcc/mingw32/6.3.0/../../../libkernel32.a(dujcs00577.o)
 .data          0x00436198        0x0 c:/mingw/bin/../lib/gcc/mingw32/6.3.0/../../../libkernel32.a(dujcs00529.o)
 .data          0x00436198        0x0 c:/mingw/bin/../lib/gcc/mingw32/6.3.0/../../../libkernel32.a(dujcs00510.o)
 .data          0x00436198        0x0 c:/mingw/bin/../lib/gcc/mingw32/6.3.0/../../../libkernel32.a(dujcs00389.o)
 .data          0x00436198        0x0 c:/mingw/bin/../lib/gcc/mingw32/6.3.0/../../../libkernel32.a(dujcs00388.o)
 .data          0x00436198        0x0 c:/mingw/bin/../lib/gcc/mingw32/6.3.0/../../../libkernel32.a(dujcs00352.o)
 .data          0x00436198        0x0 c:/mingw/bin/../lib/gcc/mingw32/6.3.0/../../../libkernel32.a(dujcs00321.o)
 .data          0x00436198        0x0 c:/mingw/bin/../lib/gcc/mingw32/6.3.0/../../../libkernel32.a(dujcs00304.o)
 .data          0x00436198        0x0 c:/mingw/bin/../lib/gcc/mingw32/6.3.0/../../../libkernel32.a(dujcs00300.o)
 .data          0x00436198        0x0 c:/mingw/bin/../lib/gcc/mingw32/6.3.0/../../../libkernel32.a(dujcs00279.o)
 .data          0x00436198        0x0 c:/mingw/bin/../lib/gcc/mingw32/6.3.0/../../../libkernel32.a(dujcs00236.o)
 .data          0x00436198        0x0 c:/mingw/bin/../lib/gcc/mingw32/6.3.0/../../../libkernel32.a(dujcs00207.o)
 .data          0x00436198        0x0 c:/mingw/bin/../lib/gcc/mingw32/6.3.0/../../../libkernel32.a(dujch.o)
 .data          0x00436198        0x0 c:/mingw/bin/../lib/gcc/mingw32/6.3.0/../../../libkernel32.a(dujct.o)
 .data          0x00436198        0x0 c:/mingw/bin/../lib/gcc/mingw32/6.3.0/../../../libmoldname.a(dagwbs00082.o)
 .data          0x00436198        0x0 c:/mingw/bin/../lib/gcc/mingw32/6.3.0/../../../libmoldname.a(dagwbs00080.o)
 .data          0x00436198        0x0 c:/mingw/bin/../lib/gcc/mingw32/6.3.0/crtend.o
 *(.data2)
 *(SORT(.data$*))
 *(.jcr)
 .jcr           0x00436198        0x0 c:/mingw/bin/../lib/gcc/mingw32/6.3.0/crtbegin.o
 .jcr           0x00436198        0x4 c:/mingw/bin/../lib/gcc/mingw32/6.3.0/crtend.o
                0x0043619c                __data_end__ = .
 *(.data_cygwin_nocopy)

.rdata          0x00437000     0x1400
 *(.rdata)
 .rdata         0x00437000       0x64 c:/mingw/bin/../lib/gcc/mingw32/6.3.0/crtbegin.o
 .rdata         0x00437064      0x240 tube.o
 *fill*         0x004372a4       0x1c 
 .rdata         0x004372c0      0x3e0 trig.o
 .rdata         0x004376a0       0x20 misc.o
 .rdata         0x004376c0       0x30 SB16.o
 .rdata         0x004376f0       0x64 HMP.o
 .rdata         0x00437754       0x1c hmpfile.o
 *fill*         0x00437770       0x10 
 .rdata         0x00437780      0x3c0 hmpopl.o
 .rdata         0x00437b40      0x4a0 opl.o
 .rdata         0x00437fe0        0x4 c:/mingw/bin/../lib/gcc/mingw32/6.3.0/../../../libmingw32.a(tlssup.o)
                0x00437fe0                __dyn_tls_init_callback
 .rdata         0x00437fe4       0xac c:/mingw/bin/../lib/gcc/mingw32/6.3.0/../../../libmingw32.a(pseudo-reloc.o)
 .rdata         0x00438090       0x28 c:/mingw/bin/../lib/gcc/mingw32/6.3.0/../../../libSDL2main.a(SDL_windows_main.o)
 .rdata         0x004380b8       0x14 c:/mingw/bin/../lib/gcc/mingw32/6.3.0/../../../libmingwex.a(glob.o)
 .rdata         0x004380cc        0x8 c:/mingw/bin/../lib/gcc/mingw32/6.3.0/../../../libmingwex.a(dirname.o)
 *(SORT(.rdata$*))
 .rdata$zzz     0x004380d4       0x14 c:/mingw/bin/../lib/gcc/mingw32/6.3.0/../../../crt2.o
 .rdata$zzz     0x004380e8       0x14 c:/mingw/bin/../lib/gcc/mingw32/6.3.0/crtbegin.o
 .rdata$zzz     0x004380fc       0x24 tube.o
 .rdata$zzz     0x00438120       0x24 trig.o
 .rdata$zzz     0x00438144       0x24 misc.o
 .rdata$zzz     0x00438168       0x24 SB16.o
 .rdata$zzz     0x0043818c       0x24 HMP.o
 .rdata$zzz     0x004381b0       0x24 hmpfile.o
 .rdata$zzz     0x004381d4       0x24 hmpopl.o
 .rdata$zzz     0x004381f8       0x24 opl.o
 .rdata$zzz     0x0043821c       0x14 c:/mingw/bin/../lib/gcc/mingw32/6.3.0/../../../libmingw32.a(CRTglob.o)
 .rdata$zzz     0x00438230       0x14 c:/mingw/bin/../lib/gcc/mingw32/6.3.0/../../../libmingw32.a(setargv.o)
 .rdata$zzz     0x00438244       0x14 c:/mingw/bin/../lib/gcc/mingw32/6.3.0/../../../libmingw32.a(CRTfmode.o)
 .rdata$zzz     0x00438258       0x14 c:/mingw/bin/../lib/gcc/mingw32/6.3.0/../../../libmingw32.a(CRT_fp10.o)
 .rdata$zzz     0x0043826c       0x14 c:/mingw/bin/../lib/gcc/mingw32/6.3.0/../../../libmingw32.a(txtmode.o)
 .rdata$zzz     0x00438280       0x14 c:/mingw/bin/../lib/gcc/mingw32/6.3.0/../../../libmingw32.a(main.o)
 .rdata$zzz     0x00438294       0x14 c:/mingw/bin/../lib/gcc/mingw32/6.3.0/../../../libmingw32.a(gccmain.o)
 .rdata$zzz     0x004382a8       0x14 c:/mingw/bin/../lib/gcc/mingw32/6.3.0/../../../libmingw32.a(tlssup.o)
 .rdata$zzz     0x004382bc       0x14 c:/mingw/bin/../lib/gcc/mingw32/6.3.0/../../../libmingw32.a(tlsthrd.o)
 .rdata$zzz     0x004382d0       0x14 c:/mingw/bin/../lib/gcc/mingw32/6.3.0/../../../libmingw32.a(pseudo-reloc.o)
 .rdata$zzz     0x004382e4       0x14 c:/mingw/bin/../lib/gcc/mingw32/6.3.0/../../../libmingw32.a(pseudo-reloc-list.o)
 .rdata$zzz     0x004382f8       0x14 c:/mingw/bin/../lib/gcc/mingw32/6.3.0/../../../libmingw32.a(crtst.o)
 .rdata$zzz     0x0043830c       0x14 c:/mingw/bin/../lib/gcc/mingw32/6.3.0/../../../libSDL2main.a(SDL_windows_main.o)
 .rdata$zzz     0x00438320       0x14 c:/mingw/bin/../lib/gcc/mingw32/6.3.0/libgcc.a(_ctors.o)
 .rdata$zzz     0x00438334       0x14 c:/mingw/bin/../lib/gcc/mingw32/6.3.0/libgcc.a(_divdi3.o)
 .rdata$zzz     0x00438348       0x14 c:/mingw/bin/../lib/gcc/mingw32/6.3.0/../../../libmingwex.a(fesetenv.o)
 .rdata$zzz     0x0043835c       0x14 c:/mingw/bin/../lib/gcc/mingw32/6.3.0/../../../libmingwex.a(glob.o)
 .rdata$zzz     0x00438370       0x14 c:/mingw/bin/../lib/gcc/mingw32/6.3.0/../../../libmingwex.a(dirname.o)
 .rdata$zzz     0x00438384       0x14 c:/mingw/bin/../lib/gcc/mingw32/6.3.0/../../../libmingwex.a(dirent.o)
 .rdata$zzz     0x00438398       0x14 c:/mingw/bin/../lib/gcc/mingw32/6.3.0/crtend.o
                0x004383ac                __rt_psrelocs_start = .
 *(.rdata_runtime_pseudo_reloc)
                0x004383ac                __rt_psrelocs_end = .
                0x00000000                __rt_psrelocs_size = (__rt_psrelocs_end - __rt_psrelocs_start)
                0x004383ac                ___RUNTIME_PSEUDO_RELOC_LIST_END__ = .
                0x004383ac                __RUNTIME_PSEUDO_RELOC_LIST_END__ = .
                0x004383ac                ___RUNTIME_PSEUDO_RELOC_LIST__ = (. - __rt_psrelocs_size)
                0x004383ac                __RUNTIME_PSEUDO_RELOC_LIST__ = (. - __rt_psrelocs_size)

.eh_frame       0x00439000     0x3600
 *(.eh_frame*)
 .eh_frame      0x00439000       0xb8 c:/mingw/bin/../lib/gcc/mingw32/6.3.0/../../../crt2.o
 .eh_frame      0x004390b8       0x64 c:/mingw/bin/../lib/gcc/mingw32/6.3.0/crtbegin.o
                0x004390b8                __EH_FRAME_BEGIN__
 .eh_frame      0x0043911c     0x20c0 tube.o
 .eh_frame      0x0043b1dc       0x5c trig.o
 .eh_frame      0x0043b238       0x8c misc.o
 .eh_frame      0x0043b2c4      0x118 SB16.o
 .eh_frame      0x0043b3dc      0x208 HMP.o
 .eh_frame      0x0043b5e4      0x104 hmpfile.o
 .eh_frame      0x0043b6e8      0x2b8 hmpopl.o
 .eh_frame      0x0043b9a0      0x310 opl.o
 .eh_frame      0x0043bcb0       0x58 c:/mingw/bin/../lib/gcc/mingw32/6.3.0/../../../libmingw32.a(setargv.o)
 .eh_frame      0x0043bd08       0x40 c:/mingw/bin/../lib/gcc/mingw32/6.3.0/../../../libmingw32.a(cpu_features.o)
 .eh_frame      0x0043bd48       0x58 c:/mingw/bin/../lib/gcc/mingw32/6.3.0/../../../libmingw32.a(main.o)
 .eh_frame      0x0043bda0       0x68 c:/mingw/bin/../lib/gcc/mingw32/6.3.0/../../../libmingw32.a(gccmain.o)
 .eh_frame      0x0043be08       0x88 c:/mingw/bin/../lib/gcc/mingw32/6.3.0/../../../libmingw32.a(tlssup.o)
 .eh_frame      0x0043be90      0x108 c:/mingw/bin/../lib/gcc/mingw32/6.3.0/../../../libmingw32.a(tlsthrd.o)
 .eh_frame      0x0043bf98       0xd8 c:/mingw/bin/../lib/gcc/mingw32/6.3.0/../../../libmingw32.a(pseudo-reloc.o)
 .eh_frame      0x0043c070       0x58 c:/mingw/bin/../lib/gcc/mingw32/6.3.0/libgcc.a(_divdi3.o)
 .eh_frame      0x0043c0c8       0x34 c:/mingw/bin/../lib/gcc/mingw32/6.3.0/../../../libmingwex.a(fesetenv.o)
 .eh_frame      0x0043c0fc      0x25c c:/mingw/bin/../lib/gcc/mingw32/6.3.0/../../../libmingwex.a(glob.o)
 .eh_frame      0x0043c358       0x58 c:/mingw/bin/../lib/gcc/mingw32/6.3.0/../../../libmingwex.a(dirname.o)
 .eh_frame      0x0043c3b0      0x1c4 c:/mingw/bin/../lib/gcc/mingw32/6.3.0/../../../libmingwex.a(dirent.o)
 .eh_frame      0x0043c574       0x3c c:/mingw/bin/../lib/gcc/mingw32/6.3.0/crtend.o

.pdata
 *(.pdata*)

.bss            0x0043d000    0x24ecc
                0x0043d000                __bss_start__ = .
 *(.bss)
 .bss           0x0043d000        0x8 c:/mingw/bin/../lib/gcc/mingw32/6.3.0/../../../crt2.o
                0x0043d000                _argv
                0x0043d004                _argc
 .bss           0x0043d008       0x18 c:/mingw/bin/../lib/gcc/mingw32/6.3.0/crtbegin.o
 .bss           0x0043d020    0x1f920 tube.o
                0x0043d020                VRAMBuffer
                0x0045c420                PAL16
                0x0045c620                Palette
                0x0045c920                GlobalHeap
 .bss           0x0045c940        0x0 trig.o
 .bss           0x0045c940        0x8 misc.o
                0x0045c940                DSEG4p
                0x0045c944                DSEG3p
 *fill*         0x0045c948       0x18 
 .bss           0x0045c960      0x900 SB16.o
 .bss           0x0045d260     0x4c00 HMP.o
                0x0045d260                opl
                0x00461e00                mpu_stream
 .bss           0x00461e60       0x14 hmpfile.o
 .bss           0x00461e74        0x0 hmpopl.o
 .bss           0x00461e74        0x0 opl.o
 .bss           0x00461e74        0x0 c:/mingw/bin/../lib/gcc/mingw32/6.3.0/../../../libwinmm.a(drqcs00090.o)
 .bss           0x00461e74        0x0 c:/mingw/bin/../lib/gcc/mingw32/6.3.0/../../../libwinmm.a(drqcs00089.o)
 .bss           0x00461e74        0x0 c:/mingw/bin/../lib/gcc/mingw32/6.3.0/../../../libwinmm.a(drqcs00087.o)
 .bss           0x00461e74        0x0 c:/mingw/bin/../lib/gcc/mingw32/6.3.0/../../../libwinmm.a(drqch.o)
 .bss           0x00461e74        0x0 c:/mingw/bin/../lib/gcc/mingw32/6.3.0/../../../libwinmm.a(drqct.o)
 .bss           0x00461e74        0x0 c:/mingw/bin/../lib/gcc/mingw32/6.3.0/../../../libmingw32.a(CRTglob.o)
 .bss           0x00461e74        0x0 c:/mingw/bin/../lib/gcc/mingw32/6.3.0/../../../libmingw32.a(setargv.o)
 .bss           0x00461e74        0x4 c:/mingw/bin/../lib/gcc/mingw32/6.3.0/../../../libmingw32.a(CRTfmode.o)
                0x00461e74                _CRT_fmode
 .bss           0x00461e78        0x4 c:/mingw/bin/../lib/gcc/mingw32/6.3.0/../../../libmingw32.a(cpu_features.o)
                0x00461e78                __cpu_features
 .bss           0x00461e7c        0x0 c:/mingw/bin/../lib/gcc/mingw32/6.3.0/../../../libmingw32.a(CRT_fp10.o)
 .bss           0x00461e7c        0x0 c:/mingw/bin/../lib/gcc/mingw32/6.3.0/../../../libmingw32.a(txtmode.o)
 .bss           0x00461e7c        0x0 c:/mingw/bin/../lib/gcc/mingw32/6.3.0/../../../libmingw32.a(main.o)
 .bss           0x00461e7c        0x4 c:/mingw/bin/../lib/gcc/mingw32/6.3.0/../../../libmingw32.a(gccmain.o)
 .bss           0x00461e80       0x10 c:/mingw/bin/../lib/gcc/mingw32/6.3.0/../../../libmingw32.a(tlssup.o)
                0x00461e80                mingw_initltssuo_force
                0x00461e84                mingw_initltsdyn_force
                0x00461e88                mingw_initltsdrot_force
                0x00461e8c                _tls_index
 .bss           0x00461e90       0x20 c:/mingw/bin/../lib/gcc/mingw32/6.3.0/../../../libmingw32.a(tlsthrd.o)
 .bss           0x00461eb0        0x4 c:/mingw/bin/../lib/gcc/mingw32/6.3.0/../../../libmingw32.a(pseudo-reloc.o)
 .bss           0x00461eb4        0x4 c:/mingw/bin/../lib/gcc/mingw32/6.3.0/../../../libmingw32.a(pseudo-reloc-list.o)
 .bss           0x00461eb8        0x4 c:/mingw/bin/../lib/gcc/mingw32/6.3.0/../../../libmingw32.a(crtst.o)
                0x00461eb8                _CRT_MT
 .bss           0x00461ebc        0x0 c:/mingw/bin/../lib/gcc/mingw32/6.3.0/../../../libSDL2main.a(SDL_windows_main.o)
 .bss           0x00461ebc        0x0 c:/mingw/bin/../lib/gcc/mingw32/6.3.0/libgcc.a(_chkstk_ms.o)
 .bss           0x00461ebc        0x0 c:/mingw/bin/../lib/gcc/mingw32/6.3.0/libgcc.a(_ctors.o)
 .bss           0x00461ebc        0x0 c:/mingw/bin/../lib/gcc/mingw32/6.3.0/libgcc.a(_divdi3.o)
 .bss           0x00461ebc        0x0 c:/mingw/bin/../lib/gcc/mingw32/6.3.0/../../../libmoldname.a(dagwbs00081.o)
 .bss           0x00461ebc        0x0 c:/mingw/bin/../lib/gcc/mingw32/6.3.0/../../../libmoldname.a(dagwbs00035.o)
 .bss           0x00461ebc        0x0 c:/mingw/bin/../lib/gcc/mingw32/6.3.0/../../../libmoldname.a(dagwbh.o)
 .bss           0x00461ebc        0x0 c:/mingw/bin/../lib/gcc/mingw32/6.3.0/../../../libmoldname.a(dagwbt.o)
 .bss           0x00461ebc        0x0 c:/mingw/bin/../lib/gcc/mingw32/6.3.0/../../../libmingwex.a(fesetenv.o)
 .bss           0x00461ebc        0x0 c:/mingw/bin/../lib/gcc/mingw32/6.3.0/../../../libmingwex.a(glob.o)
 .bss           0x00461ebc        0x4 c:/mingw/bin/../lib/gcc/mingw32/6.3.0/../../../libmingwex.a(dirname.o)
 .bss           0x00461ec0        0x0 c:/mingw/bin/../lib/gcc/mingw32/6.3.0/../../../libmingwex.a(dirent.o)
 .bss           0x00461ec0        0x0 c:/mingw/bin/../lib/gcc/mingw32/6.3.0/../../../libmsvcrt.a(djpvbs01325.o)
 .bss           0x00461ec0        0x0 c:/mingw/bin/../lib/gcc/mingw32/6.3.0/../../../libmsvcrt.a(djpvbs01284.o)
 .bss           0x00461ec0        0x0 c:/mingw/bin/../lib/gcc/mingw32/6.3.0/../../../libmsvcrt.a(djpvbs01277.o)
 .bss           0x00461ec0        0x0 c:/mingw/bin/../lib/gcc/mingw32/6.3.0/../../../libmsvcrt.a(djpvbs01252.o)
 .bss           0x00461ec0        0x0 c:/mingw/bin/../lib/gcc/mingw32/6.3.0/../../../libmsvcrt.a(djpvbs01249.o)
 .bss           0x00461ec0        0x0 c:/mingw/bin/../lib/gcc/mingw32/6.3.0/../../../libmsvcrt.a(djpvbs01243.o)
 .bss           0x00461ec0        0x0 c:/mingw/bin/../lib/gcc/mingw32/6.3.0/../../../libmsvcrt.a(djpvbs01242.o)
 .bss           0x00461ec0        0x0 c:/mingw/bin/../lib/gcc/mingw32/6.3.0/../../../libmsvcrt.a(djpvbs01232.o)
 .bss           0x00461ec0        0x0 c:/mingw/bin/../lib/gcc/mingw32/6.3.0/../../../libmsvcrt.a(djpvbs01229.o)
 .bss           0x00461ec0        0x0 c:/mingw/bin/../lib/gcc/mingw32/6.3.0/../../../libmsvcrt.a(djpvbs01227.o)
 .bss           0x00461ec0        0x0 c:/mingw/bin/../lib/gcc/mingw32/6.3.0/../../../libmsvcrt.a(djpvbs01220.o)
 .bss           0x00461ec0        0x0 c:/mingw/bin/../lib/gcc/mingw32/6.3.0/../../../libmsvcrt.a(djpvbs01212.o)
 .bss           0x00461ec0        0x0 c:/mingw/bin/../lib/gcc/mingw32/6.3.0/../../../libmsvcrt.a(djpvbs01208.o)
 .bss           0x00461ec0        0x0 c:/mingw/bin/../lib/gcc/mingw32/6.3.0/../../../libmsvcrt.a(djpvbs01203.o)
 .bss           0x00461ec0        0x0 c:/mingw/bin/../lib/gcc/mingw32/6.3.0/../../../libmsvcrt.a(djpvbs01199.o)
 .bss           0x00461ec0        0x0 c:/mingw/bin/../lib/gcc/mingw32/6.3.0/../../../libmsvcrt.a(djpvbs01198.o)
 .bss           0x00461ec0        0x0 c:/mingw/bin/../lib/gcc/mingw32/6.3.0/../../../libmsvcrt.a(djpvbs01194.o)
 .bss           0x00461ec0        0x0 c:/mingw/bin/../lib/gcc/mingw32/6.3.0/../../../libmsvcrt.a(djpvbs01187.o)
 .bss           0x00461ec0        0x0 c:/mingw/bin/../lib/gcc/mingw32/6.3.0/../../../libmsvcrt.a(djpvbs01142.o)
 .bss           0x00461ec0        0x0 c:/mingw/bin/../lib/gcc/mingw32/6.3.0/../../../libmsvcrt.a(djpvbs01139.o)
 .bss           0x00461ec0        0x0 c:/mingw/bin/../lib/gcc/mingw32/6.3.0/../../../libmsvcrt.a(djpvbs01137.o)
 .bss           0x00461ec0        0x0 c:/mingw/bin/../lib/gcc/mingw32/6.3.0/../../../libmsvcrt.a(djpvbs01135.o)
 .bss           0x00461ec0        0x0 c:/mingw/bin/../lib/gcc/mingw32/6.3.0/../../../libmsvcrt.a(djpvbs01131.o)
 .bss           0x00461ec0        0x0 c:/mingw/bin/../lib/gcc/mingw32/6.3.0/../../../libmsvcrt.a(djpvbs01130.o)
 .bss           0x00461ec0        0x0 c:/mingw/bin/../lib/gcc/mingw32/6.3.0/../../../libmsvcrt.a(djpvbs01122.o)
 .bss           0x00461ec0        0x0 c:/mingw/bin/../lib/gcc/mingw32/6.3.0/../../../libmsvcrt.a(djpvbs01117.o)
 .bss           0x00461ec0        0x0 c:/mingw/bin/../lib/gcc/mingw32/6.3.0/../../../libmsvcrt.a(djpvbs01111.o)
 .bss           0x00461ec0        0x0 c:/mingw/bin/../lib/gcc/mingw32/6.3.0/../../../libmsvcrt.a(djpvbs01108.o)
 .bss           0x00461ec0        0x0 c:/mingw/bin/../lib/gcc/mingw32/6.3.0/../../../libmsvcrt.a(djpvbs01098.o)
 .bss           0x00461ec0        0x0 c:/mingw/bin/../lib/gcc/mingw32/6.3.0/../../../libmsvcrt.a(djpvbs01091.o)
 .bss           0x00461ec0        0x0 c:/mingw/bin/../lib/gcc/mingw32/6.3.0/../../../libmsvcrt.a(djpvbs01083.o)
 .bss           0x00461ec0        0x0 c:/mingw/bin/../lib/gcc/mingw32/6.3.0/../../../libmsvcrt.a(djpvbs00753.o)
 .bss           0x00461ec0        0x0 c:/mingw/bin/../lib/gcc/mingw32/6.3.0/../../../libmsvcrt.a(djpvbs00698.o)
 .bss           0x00461ec0        0x0 c:/mingw/bin/../lib/gcc/mingw32/6.3.0/../../../libmsvcrt.a(djpvbs00689.o)
 .bss           0x00461ec0        0x0 c:/mingw/bin/../lib/gcc/mingw32/6.3.0/../../../libmsvcrt.a(djpvbs00422.o)
 .bss           0x00461ec0        0x0 c:/mingw/bin/../lib/gcc/mingw32/6.3.0/../../../libmsvcrt.a(djpvbs00417.o)
 .bss           0x00461ec0        0x0 c:/mingw/bin/../lib/gcc/mingw32/6.3.0/../../../libmsvcrt.a(djpvbs00350.o)
 .bss           0x00461ec0        0x0 c:/mingw/bin/../lib/gcc/mingw32/6.3.0/../../../libmsvcrt.a(djpvbs00324.o)
 .bss           0x00461ec0        0x0 c:/mingw/bin/../lib/gcc/mingw32/6.3.0/../../../libmsvcrt.a(djpvbs00285.o)
 .bss           0x00461ec0        0x0 c:/mingw/bin/../lib/gcc/mingw32/6.3.0/../../../libmsvcrt.a(djpvbs00219.o)
 .bss           0x00461ec0        0x0 c:/mingw/bin/../lib/gcc/mingw32/6.3.0/../../../libmsvcrt.a(djpvbs00153.o)
 .bss           0x00461ec0        0x0 c:/mingw/bin/../lib/gcc/mingw32/6.3.0/../../../libmsvcrt.a(djpvbs00133.o)
 .bss           0x00461ec0        0x0 c:/mingw/bin/../lib/gcc/mingw32/6.3.0/../../../libmsvcrt.a(djpvbs00131.o)
 .bss           0x00461ec0        0x0 c:/mingw/bin/../lib/gcc/mingw32/6.3.0/../../../libmsvcrt.a(djpvbs00119.o)
 .bss           0x00461ec0        0x0 c:/mingw/bin/../lib/gcc/mingw32/6.3.0/../../../libmsvcrt.a(djpvbs00088.o)
 .bss           0x00461ec0        0x0 c:/mingw/bin/../lib/gcc/mingw32/6.3.0/../../../libmsvcrt.a(djpvbh.o)
 .bss           0x00461ec0        0x0 c:/mingw/bin/../lib/gcc/mingw32/6.3.0/../../../libmsvcrt.a(djpvbt.o)
 .bss           0x00461ec0        0x0 c:/mingw/bin/../lib/gcc/mingw32/6.3.0/../../../libkernel32.a(dujcs01247.o)
 .bss           0x00461ec0        0x0 c:/mingw/bin/../lib/gcc/mingw32/6.3.0/../../../libkernel32.a(dujcs01215.o)
 .bss           0x00461ec0        0x0 c:/mingw/bin/../lib/gcc/mingw32/6.3.0/../../../libkernel32.a(dujcs01213.o)
 .bss           0x00461ec0        0x0 c:/mingw/bin/../lib/gcc/mingw32/6.3.0/../../../libkernel32.a(dujcs01210.o)
 .bss           0x00461ec0        0x0 c:/mingw/bin/../lib/gcc/mingw32/6.3.0/../../../libkernel32.a(dujcs01207.o)
 .bss           0x00461ec0        0x0 c:/mingw/bin/../lib/gcc/mingw32/6.3.0/../../../libkernel32.a(dujcs01173.o)
 .bss           0x00461ec0        0x0 c:/mingw/bin/../lib/gcc/mingw32/6.3.0/../../../libkernel32.a(dujcs01140.o)
 .bss           0x00461ec0        0x0 c:/mingw/bin/../lib/gcc/mingw32/6.3.0/../../../libkernel32.a(dujcs00817.o)
 .bss           0x00461ec0        0x0 c:/mingw/bin/../lib/gcc/mingw32/6.3.0/../../../libkernel32.a(dujcs00814.o)
 .bss           0x00461ec0        0x0 c:/mingw/bin/../lib/gcc/mingw32/6.3.0/../../../libkernel32.a(dujcs00734.o)
 .bss           0x00461ec0        0x0 c:/mingw/bin/../lib/gcc/mingw32/6.3.0/../../../libkernel32.a(dujcs00606.o)
 .bss           0x00461ec0        0x0 c:/mingw/bin/../lib/gcc/mingw32/6.3.0/../../../libkernel32.a(dujcs00577.o)
 .bss           0x00461ec0        0x0 c:/mingw/bin/../lib/gcc/mingw32/6.3.0/../../../libkernel32.a(dujcs00529.o)
 .bss           0x00461ec0        0x0 c:/mingw/bin/../lib/gcc/mingw32/6.3.0/../../../libkernel32.a(dujcs00510.o)
 .bss           0x00461ec0        0x0 c:/mingw/bin/../lib/gcc/mingw32/6.3.0/../../../libkernel32.a(dujcs00389.o)
 .bss           0x00461ec0        0x0 c:/mingw/bin/../lib/gcc/mingw32/6.3.0/../../../libkernel32.a(dujcs00388.o)
 .bss           0x00461ec0        0x0 c:/mingw/bin/../lib/gcc/mingw32/6.3.0/../../../libkernel32.a(dujcs00352.o)
 .bss           0x00461ec0        0x0 c:/mingw/bin/../lib/gcc/mingw32/6.3.0/../../../libkernel32.a(dujcs00321.o)
 .bss           0x00461ec0        0x0 c:/mingw/bin/../lib/gcc/mingw32/6.3.0/../../../libkernel32.a(dujcs00304.o)
 .bss           0x00461ec0        0x0 c:/mingw/bin/../lib/gcc/mingw32/6.3.0/../../../libkernel32.a(dujcs00300.o)
 .bss           0x00461ec0        0x0 c:/mingw/bin/../lib/gcc/mingw32/6.3.0/../../../libkernel32.a(dujcs00279.o)
 .bss           0x00461ec0        0x0 c:/mingw/bin/../lib/gcc/mingw32/6.3.0/../../../libkernel32.a(dujcs00236.o)
 .bss           0x00461ec0        0x0 c:/mingw/bin/../lib/gcc/mingw32/6.3.0/../../../libkernel32.a(dujcs00207.o)
 .bss           0x00461ec0        0x0 c:/mingw/bin/../lib/gcc/mingw32/6.3.0/../../../libkernel32.a(dujch.o)
 .bss           0x00461ec0        0x0 c:/mingw/bin/../lib/gcc/mingw32/6.3.0/../../../libkernel32.a(dujct.o)
 .bss           0x00461ec0        0x0 c:/mingw/bin/../lib/gcc/mingw32/6.3.0/../../../libmoldname.a(dagwbs00082.o)
 .bss           0x00461ec0        0x0 c:/mingw/bin/../lib/gcc/mingw32/6.3.0/../../../libmoldname.a(dagwbs00080.o)
 .bss           0x00461ec0        0x0 c:/mingw/bin/../lib/gcc/mingw32/6.3.0/crtend.o
 *(COMMON)
 COMMON         0x00461ec0        0x4 c:/mingw/bin/../lib/gcc/mingw32/6.3.0/crtbegin.o
                0x00461ec0                hmod_libgcc
 COMMON         0x00461ec4        0x8 misc.o
                0x00461ec4                DSEG3
                0x00461ec8                DSEG4
 COMMON         0x00461ecc        0x0 c:/mingw/bin/../lib/gcc/mingw32/6.3.0/libgcc.a(_ctors.o)
                0x00461ecc                __bss_end__ = .

.edata
 *(.edata)

/DISCARD/
 *(.debug$S)
 *(.debug$T)
 *(.debug$F)
 *(.drectve)
 *(.note.GNU-stack)
 *(.gnu.lto_*)

.idata          0x00462000      0xc00
 SORT(*)(.idata$2)
 .idata$2       0x00462000       0x14 c:/mingw/bin/../lib/gcc/mingw32/6.3.0/../../../libkernel32.a(dujch.o)
                0x00462000                _head_libkernel32_a
 .idata$2       0x00462014       0x14 c:/mingw/bin/../lib/gcc/mingw32/6.3.0/../../../libmoldname.a(dagwbh.o)
                0x00462014                _head_libmoldname_a
 .idata$2       0x00462028       0x14 c:/mingw/bin/../lib/gcc/mingw32/6.3.0/../../../libmsvcrt.a(djpvbh.o)
                0x00462028                _head_libmsvcrt_a
 .idata$2       0x0046203c       0x14 c:/mingw/bin/../lib/gcc/mingw32/6.3.0/../../../libSDL2.dll.a(d000000.o)
                0x0046203c                _head_SDL2_dll
 .idata$2       0x00462050       0x14 c:/mingw/bin/../lib/gcc/mingw32/6.3.0/../../../libwinmm.a(drqch.o)
                0x00462050                _head_libwinmm_a
 SORT(*)(.idata$3)
                0x00462064        0x4 LONG 0x0
                0x00462068        0x4 LONG 0x0
                0x0046206c        0x4 LONG 0x0
                0x00462070        0x4 LONG 0x0
                0x00462074        0x4 LONG 0x0
 SORT(*)(.idata$4)
 .idata$4       0x00462078        0x0 c:/mingw/bin/../lib/gcc/mingw32/6.3.0/../../../libkernel32.a(dujch.o)
 .idata$4       0x00462078        0x4 c:/mingw/bin/../lib/gcc/mingw32/6.3.0/../../../libkernel32.a(dujcs00207.o)
 .idata$4       0x0046207c        0x4 c:/mingw/bin/../lib/gcc/mingw32/6.3.0/../../../libkernel32.a(dujcs00236.o)
 .idata$4       0x00462080        0x4 c:/mingw/bin/../lib/gcc/mingw32/6.3.0/../../../libkernel32.a(dujcs00279.o)
 .idata$4       0x00462084        0x4 c:/mingw/bin/../lib/gcc/mingw32/6.3.0/../../../libkernel32.a(dujcs00300.o)
 .idata$4       0x00462088        0x4 c:/mingw/bin/../lib/gcc/mingw32/6.3.0/../../../libkernel32.a(dujcs00304.o)
 .idata$4       0x0046208c        0x4 c:/mingw/bin/../lib/gcc/mingw32/6.3.0/../../../libkernel32.a(dujcs00321.o)
 .idata$4       0x00462090        0x4 c:/mingw/bin/../lib/gcc/mingw32/6.3.0/../../../libkernel32.a(dujcs00352.o)
 .idata$4       0x00462094        0x4 c:/mingw/bin/../lib/gcc/mingw32/6.3.0/../../../libkernel32.a(dujcs00388.o)
 .idata$4       0x00462098        0x4 c:/mingw/bin/../lib/gcc/mingw32/6.3.0/../../../libkernel32.a(dujcs00389.o)
 .idata$4       0x0046209c        0x4 c:/mingw/bin/../lib/gcc/mingw32/6.3.0/../../../libkernel32.a(dujcs00510.o)
 .idata$4       0x004620a0        0x4 c:/mingw/bin/../lib/gcc/mingw32/6.3.0/../../../libkernel32.a(dujcs00529.o)
 .idata$4       0x004620a4        0x4 c:/mingw/bin/../lib/gcc/mingw32/6.3.0/../../../libkernel32.a(dujcs00577.o)
 .idata$4       0x004620a8        0x4 c:/mingw/bin/../lib/gcc/mingw32/6.3.0/../../../libkernel32.a(dujcs00606.o)
 .idata$4       0x004620ac        0x4 c:/mingw/bin/../lib/gcc/mingw32/6.3.0/../../../libkernel32.a(dujcs00734.o)
 .idata$4       0x004620b0        0x4 c:/mingw/bin/../lib/gcc/mingw32/6.3.0/../../../libkernel32.a(dujcs00814.o)
 .idata$4       0x004620b4        0x4 c:/mingw/bin/../lib/gcc/mingw32/6.3.0/../../../libkernel32.a(dujcs00817.o)
 .idata$4       0x004620b8        0x4 c:/mingw/bin/../lib/gcc/mingw32/6.3.0/../../../libkernel32.a(dujcs01140.o)
 .idata$4       0x004620bc        0x4 c:/mingw/bin/../lib/gcc/mingw32/6.3.0/../../../libkernel32.a(dujcs01173.o)
 .idata$4       0x004620c0        0x4 c:/mingw/bin/../lib/gcc/mingw32/6.3.0/../../../libkernel32.a(dujcs01207.o)
 .idata$4       0x004620c4        0x4 c:/mingw/bin/../lib/gcc/mingw32/6.3.0/../../../libkernel32.a(dujcs01210.o)
 .idata$4       0x004620c8        0x4 c:/mingw/bin/../lib/gcc/mingw32/6.3.0/../../../libkernel32.a(dujcs01213.o)
 .idata$4       0x004620cc        0x4 c:/mingw/bin/../lib/gcc/mingw32/6.3.0/../../../libkernel32.a(dujcs01215.o)
 .idata$4       0x004620d0        0x4 c:/mingw/bin/../lib/gcc/mingw32/6.3.0/../../../libkernel32.a(dujcs01247.o)
 .idata$4       0x004620d4        0x4 c:/mingw/bin/../lib/gcc/mingw32/6.3.0/../../../libkernel32.a(dujct.o)
 .idata$4       0x004620d8        0x0 c:/mingw/bin/../lib/gcc/mingw32/6.3.0/../../../libmoldname.a(dagwbh.o)
 .idata$4       0x004620d8        0x4 c:/mingw/bin/../lib/gcc/mingw32/6.3.0/../../../libmoldname.a(dagwbs00035.o)
 .idata$4       0x004620dc        0x4 c:/mingw/bin/../lib/gcc/mingw32/6.3.0/../../../libmoldname.a(dagwbs00080.o)
 .idata$4       0x004620e0        0x4 c:/mingw/bin/../lib/gcc/mingw32/6.3.0/../../../libmoldname.a(dagwbs00081.o)
 .idata$4       0x004620e4        0x4 c:/mingw/bin/../lib/gcc/mingw32/6.3.0/../../../libmoldname.a(dagwbs00082.o)
 .idata$4       0x004620e8        0x4 c:/mingw/bin/../lib/gcc/mingw32/6.3.0/../../../libmoldname.a(dagwbt.o)
 .idata$4       0x004620ec        0x0 c:/mingw/bin/../lib/gcc/mingw32/6.3.0/../../../libmsvcrt.a(djpvbh.o)
 .idata$4       0x004620ec        0x4 c:/mingw/bin/../lib/gcc/mingw32/6.3.0/../../../libmsvcrt.a(djpvbs00088.o)
 .idata$4       0x004620f0        0x4 c:/mingw/bin/../lib/gcc/mingw32/6.3.0/../../../libmsvcrt.a(djpvbs00119.o)
 .idata$4       0x004620f4        0x4 c:/mingw/bin/../lib/gcc/mingw32/6.3.0/../../../libmsvcrt.a(djpvbs00131.o)
 .idata$4       0x004620f8        0x4 c:/mingw/bin/../lib/gcc/mingw32/6.3.0/../../../libmsvcrt.a(djpvbs00133.o)
 .idata$4       0x004620fc        0x4 c:/mingw/bin/../lib/gcc/mingw32/6.3.0/../../../libmsvcrt.a(djpvbs00153.o)
 .idata$4       0x00462100        0x4 c:/mingw/bin/../lib/gcc/mingw32/6.3.0/../../../libmsvcrt.a(djpvbs00219.o)
 .idata$4       0x00462104        0x4 c:/mingw/bin/../lib/gcc/mingw32/6.3.0/../../../libmsvcrt.a(djpvbs00285.o)
 .idata$4       0x00462108        0x4 c:/mingw/bin/../lib/gcc/mingw32/6.3.0/../../../libmsvcrt.a(djpvbs00324.o)
 .idata$4       0x0046210c        0x4 c:/mingw/bin/../lib/gcc/mingw32/6.3.0/../../../libmsvcrt.a(djpvbs00350.o)
 .idata$4       0x00462110        0x4 c:/mingw/bin/../lib/gcc/mingw32/6.3.0/../../../libmsvcrt.a(djpvbs00417.o)
 .idata$4       0x00462114        0x4 c:/mingw/bin/../lib/gcc/mingw32/6.3.0/../../../libmsvcrt.a(djpvbs00422.o)
 .idata$4       0x00462118        0x4 c:/mingw/bin/../lib/gcc/mingw32/6.3.0/../../../libmsvcrt.a(djpvbs00689.o)
 .idata$4       0x0046211c        0x4 c:/mingw/bin/../lib/gcc/mingw32/6.3.0/../../../libmsvcrt.a(djpvbs00698.o)
 .idata$4       0x00462120        0x4 c:/mingw/bin/../lib/gcc/mingw32/6.3.0/../../../libmsvcrt.a(djpvbs00753.o)
 .idata$4       0x00462124        0x4 c:/mingw/bin/../lib/gcc/mingw32/6.3.0/../../../libmsvcrt.a(djpvbs01083.o)
 .idata$4       0x00462128        0x4 c:/mingw/bin/../lib/gcc/mingw32/6.3.0/../../../libmsvcrt.a(djpvbs01091.o)
 .idata$4       0x0046212c        0x4 c:/mingw/bin/../lib/gcc/mingw32/6.3.0/../../../libmsvcrt.a(djpvbs01098.o)
 .idata$4       0x00462130        0x4 c:/mingw/bin/../lib/gcc/mingw32/6.3.0/../../../libmsvcrt.a(djpvbs01108.o)
 .idata$4       0x00462134        0x4 c:/mingw/bin/../lib/gcc/mingw32/6.3.0/../../../libmsvcrt.a(djpvbs01111.o)
 .idata$4       0x00462138        0x4 c:/mingw/bin/../lib/gcc/mingw32/6.3.0/../../../libmsvcrt.a(djpvbs01117.o)
 .idata$4       0x0046213c        0x4 c:/mingw/bin/../lib/gcc/mingw32/6.3.0/../../../libmsvcrt.a(djpvbs01122.o)
 .idata$4       0x00462140        0x4 c:/mingw/bin/../lib/gcc/mingw32/6.3.0/../../../libmsvcrt.a(djpvbs01130.o)
 .idata$4       0x00462144        0x4 c:/mingw/bin/../lib/gcc/mingw32/6.3.0/../../../libmsvcrt.a(djpvbs01131.o)
 .idata$4       0x00462148        0x4 c:/mingw/bin/../lib/gcc/mingw32/6.3.0/../../../libmsvcrt.a(djpvbs01135.o)
 .idata$4       0x0046214c        0x4 c:/mingw/bin/../lib/gcc/mingw32/6.3.0/../../../libmsvcrt.a(djpvbs01137.o)
 .idata$4       0x00462150        0x4 c:/mingw/bin/../lib/gcc/mingw32/6.3.0/../../../libmsvcrt.a(djpvbs01139.o)
 .idata$4       0x00462154        0x4 c:/mingw/bin/../lib/gcc/mingw32/6.3.0/../../../libmsvcrt.a(djpvbs01142.o)
 .idata$4       0x00462158        0x4 c:/mingw/bin/../lib/gcc/mingw32/6.3.0/../../../libmsvcrt.a(djpvbs01187.o)
 .idata$4       0x0046215c        0x4 c:/mingw/bin/../lib/gcc/mingw32/6.3.0/../../../libmsvcrt.a(djpvbs01194.o)
 .idata$4       0x00462160        0x4 c:/mingw/bin/../lib/gcc/mingw32/6.3.0/../../../libmsvcrt.a(djpvbs01198.o)
 .idata$4       0x00462164        0x4 c:/mingw/bin/../lib/gcc/mingw32/6.3.0/../../../libmsvcrt.a(djpvbs01199.o)
 .idata$4       0x00462168        0x4 c:/mingw/bin/../lib/gcc/mingw32/6.3.0/../../../libmsvcrt.a(djpvbs01203.o)
 .idata$4       0x0046216c        0x4 c:/mingw/bin/../lib/gcc/mingw32/6.3.0/../../../libmsvcrt.a(djpvbs01208.o)
 .idata$4       0x00462170        0x4 c:/mingw/bin/../lib/gcc/mingw32/6.3.0/../../../libmsvcrt.a(djpvbs01212.o)
 .idata$4       0x00462174        0x4 c:/mingw/bin/../lib/gcc/mingw32/6.3.0/../../../libmsvcrt.a(djpvbs01220.o)
 .idata$4       0x00462178        0x4 c:/mingw/bin/../lib/gcc/mingw32/6.3.0/../../../libmsvcrt.a(djpvbs01227.o)
 .idata$4       0x0046217c        0x4 c:/mingw/bin/../lib/gcc/mingw32/6.3.0/../../../libmsvcrt.a(djpvbs01229.o)
 .idata$4       0x00462180        0x4 c:/mingw/bin/../lib/gcc/mingw32/6.3.0/../../../libmsvcrt.a(djpvbs01232.o)
 .idata$4       0x00462184        0x4 c:/mingw/bin/../lib/gcc/mingw32/6.3.0/../../../libmsvcrt.a(djpvbs01242.o)
 .idata$4       0x00462188        0x4 c:/mingw/bin/../lib/gcc/mingw32/6.3.0/../../../libmsvcrt.a(djpvbs01243.o)
 .idata$4       0x0046218c        0x4 c:/mingw/bin/../lib/gcc/mingw32/6.3.0/../../../libmsvcrt.a(djpvbs01249.o)
 .idata$4       0x00462190        0x4 c:/mingw/bin/../lib/gcc/mingw32/6.3.0/../../../libmsvcrt.a(djpvbs01252.o)
 .idata$4       0x00462194        0x4 c:/mingw/bin/../lib/gcc/mingw32/6.3.0/../../../libmsvcrt.a(djpvbs01277.o)
 .idata$4       0x00462198        0x4 c:/mingw/bin/../lib/gcc/mingw32/6.3.0/../../../libmsvcrt.a(djpvbs01284.o)
 .idata$4       0x0046219c        0x4 c:/mingw/bin/../lib/gcc/mingw32/6.3.0/../../../libmsvcrt.a(djpvbs01325.o)
 .idata$4       0x004621a0        0x4 c:/mingw/bin/../lib/gcc/mingw32/6.3.0/../../../libmsvcrt.a(djpvbt.o)
 .idata$4       0x004621a4        0x0 c:/mingw/bin/../lib/gcc/mingw32/6.3.0/../../../libSDL2.dll.a(d000000.o)
 .idata$4       0x004621a4        0x4 c:/mingw/bin/../lib/gcc/mingw32/6.3.0/../../../libSDL2.dll.a(d000030.o)
 .idata$4       0x004621a8        0x4 c:/mingw/bin/../lib/gcc/mingw32/6.3.0/../../../libSDL2.dll.a(d000049.o)
 .idata$4       0x004621ac        0x4 c:/mingw/bin/../lib/gcc/mingw32/6.3.0/../../../libSDL2.dll.a(d000054.o)
 .idata$4       0x004621b0        0x4 c:/mingw/bin/../lib/gcc/mingw32/6.3.0/../../../libSDL2.dll.a(d000058.o)
 .idata$4       0x004621b4        0x4 c:/mingw/bin/../lib/gcc/mingw32/6.3.0/../../../libSDL2.dll.a(d000065.o)
 .idata$4       0x004621b8        0x4 c:/mingw/bin/../lib/gcc/mingw32/6.3.0/../../../libSDL2.dll.a(d000069.o)
 .idata$4       0x004621bc        0x4 c:/mingw/bin/../lib/gcc/mingw32/6.3.0/../../../libSDL2.dll.a(d000071.o)
 .idata$4       0x004621c0        0x4 c:/mingw/bin/../lib/gcc/mingw32/6.3.0/../../../libSDL2.dll.a(d000072.o)
 .idata$4       0x004621c4        0x4 c:/mingw/bin/../lib/gcc/mingw32/6.3.0/../../../libSDL2.dll.a(d000223.o)
 .idata$4       0x004621c8        0x4 c:/mingw/bin/../lib/gcc/mingw32/6.3.0/../../../libSDL2.dll.a(d000296.o)
 .idata$4       0x004621cc        0x4 c:/mingw/bin/../lib/gcc/mingw32/6.3.0/../../../libSDL2.dll.a(d000385.o)
 .idata$4       0x004621d0        0x4 c:/mingw/bin/../lib/gcc/mingw32/6.3.0/../../../libSDL2.dll.a(d000387.o)
 .idata$4       0x004621d4        0x4 c:/mingw/bin/../lib/gcc/mingw32/6.3.0/../../../libSDL2.dll.a(d000391.o)
 .idata$4       0x004621d8        0x4 c:/mingw/bin/../lib/gcc/mingw32/6.3.0/../../../libSDL2.dll.a(d000396.o)
 .idata$4       0x004621dc        0x4 c:/mingw/bin/../lib/gcc/mingw32/6.3.0/../../../libSDL2.dll.a(d000414.o)
 .idata$4       0x004621e0        0x4 c:/mingw/bin/../lib/gcc/mingw32/6.3.0/../../../libSDL2.dll.a(d000415.o)
 .idata$4       0x004621e4        0x4 c:/mingw/bin/../lib/gcc/mingw32/6.3.0/../../../libSDL2.dll.a(d000434.o)
 .idata$4       0x004621e8        0x4 c:/mingw/bin/../lib/gcc/mingw32/6.3.0/../../../libSDL2.dll.a(d000475.o)
 .idata$4       0x004621ec        0x4 c:/mingw/bin/../lib/gcc/mingw32/6.3.0/../../../libSDL2.dll.a(d000482.o)
 .idata$4       0x004621f0        0x4 c:/mingw/bin/../lib/gcc/mingw32/6.3.0/../../../libSDL2.dll.a(d000515.o)
 .idata$4       0x004621f4        0x4 c:/mingw/bin/../lib/gcc/mingw32/6.3.0/../../../libSDL2.dll.a(d000517.o)
 .idata$4       0x004621f8        0x4 c:/mingw/bin/../lib/gcc/mingw32/6.3.0/../../../libSDL2.dll.a(d000536.o)
 .idata$4       0x004621fc        0x4 c:/mingw/bin/../lib/gcc/mingw32/6.3.0/../../../libSDL2.dll.a(d000657.o)
 .idata$4       0x00462200        0x0 c:/mingw/bin/../lib/gcc/mingw32/6.3.0/../../../libwinmm.a(drqch.o)
 .idata$4       0x00462200        0x4 c:/mingw/bin/../lib/gcc/mingw32/6.3.0/../../../libwinmm.a(drqcs00087.o)
 .idata$4       0x00462204        0x4 c:/mingw/bin/../lib/gcc/mingw32/6.3.0/../../../libwinmm.a(drqcs00089.o)
 .idata$4       0x00462208        0x4 c:/mingw/bin/../lib/gcc/mingw32/6.3.0/../../../libwinmm.a(drqcs00090.o)
 .idata$4       0x0046220c        0x4 c:/mingw/bin/../lib/gcc/mingw32/6.3.0/../../../libwinmm.a(drqct.o)
                0x00462210                __IAT_start__ = .
 SORT(*)(.idata$5)
 .idata$5       0x00462210        0x0 c:/mingw/bin/../lib/gcc/mingw32/6.3.0/../../../libkernel32.a(dujch.o)
 .idata$5       0x00462210        0x4 c:/mingw/bin/../lib/gcc/mingw32/6.3.0/../../../libkernel32.a(dujcs00207.o)
                0x00462210                _imp__DeleteCriticalSection@4
 .idata$5       0x00462214        0x4 c:/mingw/bin/../lib/gcc/mingw32/6.3.0/../../../libkernel32.a(dujcs00236.o)
                0x00462214                _imp__EnterCriticalSection@4
 .idata$5       0x00462218        0x4 c:/mingw/bin/../lib/gcc/mingw32/6.3.0/../../../libkernel32.a(dujcs00279.o)
                0x00462218                _imp__ExitProcess@4
 .idata$5       0x0046221c        0x4 c:/mingw/bin/../lib/gcc/mingw32/6.3.0/../../../libkernel32.a(dujcs00300.o)
                0x0046221c                _imp__FindClose@4
 .idata$5       0x00462220        0x4 c:/mingw/bin/../lib/gcc/mingw32/6.3.0/../../../libkernel32.a(dujcs00304.o)
                0x00462220                _imp__FindFirstFileA@8
 .idata$5       0x00462224        0x4 c:/mingw/bin/../lib/gcc/mingw32/6.3.0/../../../libkernel32.a(dujcs00321.o)
                0x00462224                _imp__FindNextFileA@8
 .idata$5       0x00462228        0x4 c:/mingw/bin/../lib/gcc/mingw32/6.3.0/../../../libkernel32.a(dujcs00352.o)
                0x00462228                _imp__FreeLibrary@4
 .idata$5       0x0046222c        0x4 c:/mingw/bin/../lib/gcc/mingw32/6.3.0/../../../libkernel32.a(dujcs00388.o)
                0x0046222c                _imp__GetCommandLineA@0
 .idata$5       0x00462230        0x4 c:/mingw/bin/../lib/gcc/mingw32/6.3.0/../../../libkernel32.a(dujcs00389.o)
                0x00462230                _imp__GetCommandLineW@0
 .idata$5       0x00462234        0x4 c:/mingw/bin/../lib/gcc/mingw32/6.3.0/../../../libkernel32.a(dujcs00510.o)
                0x00462234                _imp__GetLastError@0
 .idata$5       0x00462238        0x4 c:/mingw/bin/../lib/gcc/mingw32/6.3.0/../../../libkernel32.a(dujcs00529.o)
                0x00462238                _imp__GetModuleHandleA@4
 .idata$5       0x0046223c        0x4 c:/mingw/bin/../lib/gcc/mingw32/6.3.0/../../../libkernel32.a(dujcs00577.o)
                0x0046223c                _imp__GetProcAddress@8
 .idata$5       0x00462240        0x4 c:/mingw/bin/../lib/gcc/mingw32/6.3.0/../../../libkernel32.a(dujcs00606.o)
                0x00462240                _imp__GetStartupInfoA@4
 .idata$5       0x00462244        0x4 c:/mingw/bin/../lib/gcc/mingw32/6.3.0/../../../libkernel32.a(dujcs00734.o)
                0x00462244                _imp__InitializeCriticalSection@4
 .idata$5       0x00462248        0x4 c:/mingw/bin/../lib/gcc/mingw32/6.3.0/../../../libkernel32.a(dujcs00814.o)
                0x00462248                _imp__LeaveCriticalSection@4
 .idata$5       0x0046224c        0x4 c:/mingw/bin/../lib/gcc/mingw32/6.3.0/../../../libkernel32.a(dujcs00817.o)
                0x0046224c                _imp__LoadLibraryA@4
 .idata$5       0x00462250        0x4 c:/mingw/bin/../lib/gcc/mingw32/6.3.0/../../../libkernel32.a(dujcs01140.o)
                0x00462250                _imp__SetUnhandledExceptionFilter@4
 .idata$5       0x00462254        0x4 c:/mingw/bin/../lib/gcc/mingw32/6.3.0/../../../libkernel32.a(dujcs01173.o)
                0x00462254                _imp__TlsGetValue@4
 .idata$5       0x00462258        0x4 c:/mingw/bin/../lib/gcc/mingw32/6.3.0/../../../libkernel32.a(dujcs01207.o)
                0x00462258                _imp__VirtualAlloc@16
 .idata$5       0x0046225c        0x4 c:/mingw/bin/../lib/gcc/mingw32/6.3.0/../../../libkernel32.a(dujcs01210.o)
                0x0046225c                _imp__VirtualFree@12
 .idata$5       0x00462260        0x4 c:/mingw/bin/../lib/gcc/mingw32/6.3.0/../../../libkernel32.a(dujcs01213.o)
                0x00462260                _imp__VirtualProtect@16
 .idata$5       0x00462264        0x4 c:/mingw/bin/../lib/gcc/mingw32/6.3.0/../../../libkernel32.a(dujcs01215.o)
                0x00462264                _imp__VirtualQuery@12
 .idata$5       0x00462268        0x4 c:/mingw/bin/../lib/gcc/mingw32/6.3.0/../../../libkernel32.a(dujcs01247.o)
                0x00462268                _imp__WideCharToMultiByte@32
 .idata$5       0x0046226c        0x4 c:/mingw/bin/../lib/gcc/mingw32/6.3.0/../../../libkernel32.a(dujct.o)
 .idata$5       0x00462270        0x0 c:/mingw/bin/../lib/gcc/mingw32/6.3.0/../../../libmoldname.a(dagwbh.o)
 .idata$5       0x00462270        0x4 c:/mingw/bin/../lib/gcc/mingw32/6.3.0/../../../libmoldname.a(dagwbs00035.o)
                0x00462270                _imp__getch
 .idata$5       0x00462274        0x4 c:/mingw/bin/../lib/gcc/mingw32/6.3.0/../../../libmoldname.a(dagwbs00080.o)
                0x00462274                _imp__strdup
 .idata$5       0x00462278        0x4 c:/mingw/bin/../lib/gcc/mingw32/6.3.0/../../../libmoldname.a(dagwbs00081.o)
                0x00462278                _imp__stricmp
 .idata$5       0x0046227c        0x4 c:/mingw/bin/../lib/gcc/mingw32/6.3.0/../../../libmoldname.a(dagwbs00082.o)
                0x0046227c                _imp__stricoll
 .idata$5       0x00462280        0x4 c:/mingw/bin/../lib/gcc/mingw32/6.3.0/../../../libmoldname.a(dagwbt.o)
 .idata$5       0x00462284        0x0 c:/mingw/bin/../lib/gcc/mingw32/6.3.0/../../../libmsvcrt.a(djpvbh.o)
 .idata$5       0x00462284        0x4 c:/mingw/bin/../lib/gcc/mingw32/6.3.0/../../../libmsvcrt.a(djpvbs00088.o)
                0x00462284                _imp____getmainargs
 .idata$5       0x00462288        0x4 c:/mingw/bin/../lib/gcc/mingw32/6.3.0/../../../libmsvcrt.a(djpvbs00119.o)
                0x00462288                _imp____mb_cur_max
 .idata$5       0x0046228c        0x4 c:/mingw/bin/../lib/gcc/mingw32/6.3.0/../../../libmsvcrt.a(djpvbs00131.o)
                0x0046228c                _imp____p__environ
 .idata$5       0x00462290        0x4 c:/mingw/bin/../lib/gcc/mingw32/6.3.0/../../../libmsvcrt.a(djpvbs00133.o)
                0x00462290                _imp____p__fmode
 .idata$5       0x00462294        0x4 c:/mingw/bin/../lib/gcc/mingw32/6.3.0/../../../libmsvcrt.a(djpvbs00153.o)
                0x00462294                _imp____set_app_type
 .idata$5       0x00462298        0x4 c:/mingw/bin/../lib/gcc/mingw32/6.3.0/../../../libmsvcrt.a(djpvbs00219.o)
                0x00462298                _imp___cexit
 .idata$5       0x0046229c        0x4 c:/mingw/bin/../lib/gcc/mingw32/6.3.0/../../../libmsvcrt.a(djpvbs00285.o)
                0x0046229c                _imp___errno
 .idata$5       0x004622a0        0x4 c:/mingw/bin/../lib/gcc/mingw32/6.3.0/../../../libmsvcrt.a(djpvbs00324.o)
                0x004622a0                _imp___fpreset
 .idata$5       0x004622a4        0x4 c:/mingw/bin/../lib/gcc/mingw32/6.3.0/../../../libmsvcrt.a(djpvbs00350.o)
                0x004622a4                _imp___fullpath
 .idata$5       0x004622a8        0x4 c:/mingw/bin/../lib/gcc/mingw32/6.3.0/../../../libmsvcrt.a(djpvbs00417.o)
                0x004622a8                _imp___iob
 .idata$5       0x004622ac        0x4 c:/mingw/bin/../lib/gcc/mingw32/6.3.0/../../../libmsvcrt.a(djpvbs00422.o)
                0x004622ac                _imp___isctype
 .idata$5       0x004622b0        0x4 c:/mingw/bin/../lib/gcc/mingw32/6.3.0/../../../libmsvcrt.a(djpvbs00689.o)
                0x004622b0                _imp___onexit
 .idata$5       0x004622b4        0x4 c:/mingw/bin/../lib/gcc/mingw32/6.3.0/../../../libmsvcrt.a(djpvbs00698.o)
                0x004622b4                _imp___pctype
 .idata$5       0x004622b8        0x4 c:/mingw/bin/../lib/gcc/mingw32/6.3.0/../../../libmsvcrt.a(djpvbs00753.o)
                0x004622b8                _imp___setmode
 .idata$5       0x004622bc        0x4 c:/mingw/bin/../lib/gcc/mingw32/6.3.0/../../../libmsvcrt.a(djpvbs01083.o)
                0x004622bc                _imp__abort
 .idata$5       0x004622c0        0x4 c:/mingw/bin/../lib/gcc/mingw32/6.3.0/../../../libmsvcrt.a(djpvbs01091.o)
                0x004622c0                _imp__atexit
 .idata$5       0x004622c4        0x4 c:/mingw/bin/../lib/gcc/mingw32/6.3.0/../../../libmsvcrt.a(djpvbs01098.o)
                0x004622c4                _imp__calloc
 .idata$5       0x004622c8        0x4 c:/mingw/bin/../lib/gcc/mingw32/6.3.0/../../../libmsvcrt.a(djpvbs01108.o)
                0x004622c8                _imp__exit
 .idata$5       0x004622cc        0x4 c:/mingw/bin/../lib/gcc/mingw32/6.3.0/../../../libmsvcrt.a(djpvbs01111.o)
                0x004622cc                _imp__fclose
 .idata$5       0x004622d0        0x4 c:/mingw/bin/../lib/gcc/mingw32/6.3.0/../../../libmsvcrt.a(djpvbs01117.o)
                0x004622d0                _imp__fgets
 .idata$5       0x004622d4        0x4 c:/mingw/bin/../lib/gcc/mingw32/6.3.0/../../../libmsvcrt.a(djpvbs01122.o)
                0x004622d4                _imp__fopen
 .idata$5       0x004622d8        0x4 c:/mingw/bin/../lib/gcc/mingw32/6.3.0/../../../libmsvcrt.a(djpvbs01130.o)
                0x004622d8                _imp__fread
 .idata$5       0x004622dc        0x4 c:/mingw/bin/../lib/gcc/mingw32/6.3.0/../../../libmsvcrt.a(djpvbs01131.o)
                0x004622dc                _imp__free
 .idata$5       0x004622e0        0x4 c:/mingw/bin/../lib/gcc/mingw32/6.3.0/../../../libmsvcrt.a(djpvbs01135.o)
                0x004622e0                _imp__fscanf